====================================================================================================
1. RUN TABLE  (win/loss from replay rewards)
ver          sub  rating  src    N    W    L     wr         wilson95  meanOpp  oppN
v1      55185513   871.0  rep   61   39   22  0.639 [0.514,0.748]       nan     0
v2      55205556   967.4  rep   59   36   23  0.610 [0.483,0.724]       nan     0
v3a     55216787   996.6  rep   96   61   35  0.635 [0.536,0.725]     896.5    95
v3b     55217233   907.6  rep   94   56   38  0.596 [0.495,0.689]     851.6    93
v4      55253296  1031.2  rep   52   32   20  0.615 [0.480,0.735]     967.1    51
v4.5    55275464   979.1  rep   68   47   21  0.691 [0.574,0.788]     843.0    67
v5      55275642   963.6  rep   66   44   22  0.667 [0.547,0.768]     859.6    65
v6      55290882   996.6  rep   55   39   16  0.709 [0.579,0.812]     865.6    54
v7      55302846   943.3  rep   61   39   22  0.639 [0.514,0.748]     863.2    60
v8      55317804  1035.8  rep   51   28   23  0.549 [0.414,0.677]     974.4    50
v9      55325029   994.9  csv   78   45   33  0.577 [0.466,0.680]     949.5    77
v11a    55346539   874.2  csv   45   28   17  0.622 [0.476,0.749]     805.9    44
v11b    55346548   935.8  csv   46   27   19  0.587 [0.443,0.717]     884.2    45
v11     55353978   950.3  rep   60   38   22  0.633 [0.507,0.744]     852.5    59
v12a    55373676   914.8  rep   42   29   13  0.690 [0.540,0.809]     797.5    41
v12b    55374240   894.6  rep   34   20   14  0.588 [0.422,0.736]     851.9    33
v13a    55380882   942.5  rep   57   33   24  0.579 [0.450,0.698]     893.5    56
v13b    55380958   964.8  rep   61   34   27  0.557 [0.433,0.675]     906.1    60
v14     55395386   927.6  rep   43   28   15  0.651 [0.502,0.776]     851.4    42
v15     55404196  1007.7  rep   63   40   23  0.635 [0.511,0.743]     929.8    62
v15b    55409394   862.0  rep   49   27   22  0.551 [0.413,0.681]     830.3    48
v16     55422280   955.8  rep   46   29   17  0.630 [0.486,0.755]     865.6    45
v17     55423572   896.8  rep   43   27   16  0.628 [0.479,0.756]     796.6    42
v18     55428191   779.5  rep   34   17   17  0.500 [0.341,0.659]     763.3    33
v19a    55428196   978.3  rep   43   29   14  0.674 [0.525,0.795]     864.1    42
v19b    55445763   904.6  rep   43   27   16  0.628 [0.479,0.756]     842.2    42
v20     55445769   982.0  rep   47   28   19  0.596 [0.453,0.724]     910.8    46
v21     55456713   948.2  rep   59   36   23  0.610 [0.483,0.724]     889.5    58
POOLED: N=1556 W=963 wr=0.6189 wilson=[0.5945, 0.6427]

====================================================================================================
1b. ALL-PAIRS FISHER (378 pairs, win/loss)
pairs=378  raw p<0.05: 0  (expected by chance 18.9)   Bonferroni: 0   BH-FDR 0.05: 0
     v6 vs v18   wr 0.709 vs 0.500  p=0.0702  dRating=+217.1
   v4.5 vs v18   wr 0.691 vs 0.500  p=0.0821  dRating=+199.6
   v12a vs v18   wr 0.690 vs 0.500  p=0.1044  dRating=+135.3
     v6 vs v15b  wr 0.709 vs 0.551  p=0.1068  dRating=+134.6
     v6 vs v8    wr 0.709 vs 0.549  p=0.1083  dRating=-39.2
     v6 vs v13b  wr 0.709 vs 0.557  p=0.1235  dRating=+31.8
   v4.5 vs v8    wr 0.691 vs 0.549  p=0.1278  dRating=-56.7
     v5 vs v18   wr 0.667 vs 0.500  p=0.1314  dRating=+184.1

====================================================================================================
2. v19 NOISE YARDSTICK (same binary, two submissions)
v19a 29/43 = 0.6744 [0.5252, 0.7951]  rating 978.3
v19b 27/43 = 0.6279 [0.4786, 0.7562]  rating 904.6
delta win rate = +0.0465   Fisher p = 0.8213   delta rating = +73.7
implied SD of the run-to-run rating difference (half-normal MLE from one pair) = 92.4
implied SD of a single run's rating = 65.3
=> rating gap needed for p<0.05 between two DIFFERENT versions (1 run each) = 181
=> rating gap needed for p<0.05 AND 80% power = 259

independent check: SD of reported rating across 28 runs = 56.5; residual SD after removing the win-rate regression = 54.5 (slope 389.1 rating-pts per unit win rate, i.e. 3.89 per pp)

====================================================================================================
3. REPORTED RATING vs OBSERVED WIN RATE
N=28 runs  Spearman rho=+0.1753 p=0.3723   Pearson r=+0.3262 p=0.0903  R^2=0.1064
win rate explains 10.6% of the rating variance; 89.4% is unexplained

====================================================================================================
4. OPPONENT-RATING BUCKETS
ver     rating    N          <800       800-900      900-1000     1000-1100         1100+  meanOpp share>=1000
v1       871.0    0   0/0    nan   0/0    nan   0/0    nan   0/0    nan   0/0    nan      nan         nan
v2       967.4    0   0/0    nan   0/0    nan   0/0    nan   0/0    nan   0/0    nan      nan         nan
v3a      996.6   95  16/16  1.00   9/16  0.56  28/51  0.55   8/12  0.67   0/0    nan    896.5       0.126
v3b      907.6   93  15/17  0.88  21/35  0.60  19/41  0.46   0/0    nan   0/0    nan    851.6       0.000
v4      1031.2   51   2/2   1.00   3/5   0.60  17/26  0.65  10/18  0.56   0/0    nan    967.1       0.353
v4.5     979.1   67  13/17  0.76  11/15  0.73  21/31  0.68   2/4   0.50   0/0    nan    843.0       0.060
v5       963.6   65  13/13  1.00  14/22  0.64  16/28  0.57   0/2   0.00   0/0    nan    859.6       0.031
v6       996.6   54  10/10  1.00   9/13  0.69  18/29  0.62   1/2   0.50   0/0    nan    865.6       0.037
v7       943.3   60   9/10  0.90  14/19  0.74  15/31  0.48   0/0    nan   0/0    nan    863.2       0.000
v8      1035.8   50   5/6   0.83   3/3   1.00  10/13  0.77   8/26  0.31   2/2   1.00    974.4       0.560
v9       994.9   77   6/8   0.75   8/8   1.00  19/31  0.61  11/29  0.38   0/1   0.00    949.5       0.390
v11a     874.2   44  15/19  0.79  11/19  0.58   1/6   0.17   0/0    nan   0/0    nan    805.9       0.000
v11b     935.8   45   4/6   0.67  10/12  0.83  12/26  0.46   1/1   1.00   0/0    nan    884.2       0.022
v11      950.3   59  11/11  1.00  14/22  0.64  13/25  0.52   0/1   0.00   0/0    nan    852.5       0.017
v12a     914.8   41  15/18  0.83   6/12  0.50   6/10  0.60   1/1   1.00   0/0    nan    797.5       0.024
v12b     894.6   33   4/5   0.80  11/16  0.69   4/12  0.33   0/0    nan   0/0    nan    851.9       0.000
v13a     942.5   56   8/10  0.80   9/13  0.69  10/27  0.37   5/6   0.83   0/0    nan    893.5       0.107
v13b     964.8   60   9/11  0.82   4/4   1.00  14/27  0.52   7/16  0.44   0/2   0.00    906.1       0.300
v14      927.6   42   9/11  0.82  10/11  0.91   7/19  0.37   1/1   1.00   0/0    nan    851.4       0.024
v15     1007.7   62   8/9   0.89   5/8   0.62  18/25  0.72   7/17  0.41   1/3   0.33    929.8       0.323
v15b     862.0   48  10/12  0.83  14/29  0.48   3/6   0.50   0/1   0.00   0/0    nan    830.3       0.021
v16      955.8   45   8/9   0.89   9/13  0.69   9/18  0.50   3/5   0.60   0/0    nan    865.6       0.111
v17      896.8   42  11/12  0.92  13/20  0.65   3/10  0.30   0/0    nan   0/0    nan    796.6       0.000
v18      779.5   33  10/19  0.53   6/12  0.50   1/2   0.50   0/0    nan   0/0    nan    763.3       0.000
v19a     978.3   42   9/11  0.82   4/7   0.57  14/21  0.67   2/3   0.67   0/0    nan    864.1       0.071
v19b     904.6   42   8/9   0.89  15/22  0.68   3/11  0.27   0/0    nan   0/0    nan    842.2       0.000
v20      982.0   46   5/5   1.00   7/10  0.70  15/21  0.71   1/10  0.10   0/0    nan    910.8       0.217
v21      948.2   58   5/5   1.00  16/24  0.67  13/27  0.48   1/2   0.50   0/0    nan    889.5       0.034
POOLED             238/281 0.85 256/390 0.66 309/574 0.54  69/157 0.44   3/8   0.38
   bucket       <800: 238/281 = 0.8470 wilson=[0.8002, 0.8844]
   bucket    800-900: 256/390 = 0.6564 wilson=[0.608, 0.7018]
   bucket   900-1000: 309/574 = 0.5383 wilson=[0.4974, 0.5787]
   bucket  1000-1100: 69/157 = 0.4395 wilson=[0.3642, 0.5177]
   bucket      1100+: 3/8 = 0.3750 wilson=[0.1368, 0.6943]

4b. DIRECT STANDARDISATION to the pooled opponent mix
ver     rating  raw wr expected wr  adj wr  std wr
v3a      996.6   0.642       0.598  +0.044   0.656
v3b      907.6   0.591       0.639  -0.048   0.601
v4      1031.2   0.627       0.527  +0.100   0.697
v4.5     979.1   0.701       0.637  +0.064   0.691
v5       963.6   0.662       0.637  +0.025   0.611
v6       996.6   0.704       0.620  +0.083   0.703
v7       943.3   0.633       0.627  +0.006   0.657
v8      1035.8   0.560       0.525  +0.035   0.796
v9       994.9   0.571       0.543  +0.028   0.718
v11a     874.2   0.614       0.723  -0.109   0.436
v11b     935.8   0.600       0.609  -0.009   0.666
v11      950.3   0.644       0.638  +0.006   0.590
v12a     914.8   0.683       0.706  -0.023   0.664
v12b     894.6   0.576       0.642  -0.067   0.550
v13a     942.5   0.571       0.610  -0.039   0.598
v13b     964.8   0.567       0.571  -0.004   0.699
v14      927.6   0.643       0.648  -0.005   0.680
v15     1007.7   0.629       0.563  +0.066   0.691
v15b     862.0   0.562       0.685  -0.122   0.506
v16      955.8   0.644       0.623  +0.021   0.643
v17      896.8   0.643       0.683  -0.040   0.549
v18      779.5   0.515       0.759  -0.244   0.506
v19a     978.3   0.690       0.632  +0.059   0.671
v19b     904.6   0.619       0.666  -0.047   0.540
v20      982.0   0.609       0.576  +0.033   0.699
v21      948.2   0.603       0.610  -0.007   0.639

  focus set v4 / v8 / v15 / v18:
   v4    rating 1031.2  raw wr 0.627  opponent-difficulty expectation 0.527  standardised wr 0.697
   v8    rating 1035.8  raw wr 0.560  opponent-difficulty expectation 0.525  standardised wr 0.796
   v15   rating 1007.7  raw wr 0.629  opponent-difficulty expectation 0.563  standardised wr 0.691
   v18   rating 779.5  raw wr 0.515  opponent-difficulty expectation 0.759  standardised wr 0.506
  Spearman(rating, mean opponent rating) = (0.8333048506128935, 1.2627413928590156e-07)
  Spearman(rating, share of opponents >=1000) = (0.867292671739974, 9.841977193818852e-09)
  Spearman(rating, raw win rate)          = (0.2524371509469634, 0.21344569853065173)
  Spearman(rating, standardised win rate) = (0.8370661773903828, 9.80167039134886e-08)
  Spearman(rating, opponent-difficulty expectation) = (-0.8599760768532733, 1.8014857528589617e-08)

====================================================================================================
5. MONOTONE TREND v1 -> v21
  Spearman(lineage, raw win rate)  N=28: (-0.21329682871619884, 0.2757992800400349)
  Spearman(lineage, standardised win rate) N=26: (-0.24893027324428493, 0.22008901324845603)
  Spearman(lineage, reported rating) N=28: (-0.2311593605891072, 0.2366007446174332)

  per-game logistic (N=1410): win ~ 1 + opp_rating/100 + lineage
           intercept: beta=+0.57921 se=0.05977 z=+9.69 p=0.0000
      opp_rating/100: beta=-0.55320 se=0.05697 z=-9.71 p=0.0000
             lineage: beta=-0.01686 se=0.01020 z=-1.65 p=0.0984
  cluster-robust (by run, G=26) SEs: intercept=0.06054 (z=+9.57, p=0.0000), opp/100=0.05702 (z=-9.70, p=0.0000), lineage=0.01072 (z=-1.57, p=0.1158)

  v1-v11 pooled: 559/892 = 0.6267 [0.5945, 0.6578]
  v12-v21 pooled: 404/664 = 0.6084 [0.5708, 0.6448]
  Fisher p = 0.4927

====================================================================================================
6. RATING SCALE AND REQUIRED SAMPLE SIZE
  per-game logistic win ~ 1 + (ourRating-oppRating)/400  N=1410: intercept +0.3399 (se 0.0592), slope +1.5935 (se 0.2642)
  observed base win rate p0=0.6189; empirical marginal effect: +50 rating = +4.70 pp, +100 rating = +9.40 pp
  Elo-400 reference at p=0.5: +50 = +7.15 pp, +100 = +14.01 pp

  two-proportion test, alpha=0.05 two-sided, 80% power, games PER ARM (each arm = one version):
      empirical(this repo)  +50   rating -> 0.619 vs 0.666  n=1,630 per arm (3,260 total)  [we run 56/run]
      empirical(this repo)  +100  rating -> 0.619 vs 0.713  n=392 per arm (783 total)  [we run 56/run]
                   Elo-400  +50   rating -> 0.619 vs 0.690  n=691 per arm (1,382 total)  [we run 56/run]
                   Elo-400  +100  rating -> 0.619 vs 0.759  n=168 per arm (335 total)  [we run 56/run]

  power of a typical 47-game-per-arm comparison:
       +50 empirical: power = 6.9%
      +100 empirical: power = 16.1%
             +50 Elo: power = 10.9%
            +100 Elo: power = 31.7%
