====================================================================================================
A. IS THERE ANY BETWEEN-RUN HETEROGENEITY AT ALL?
  28 runs, N=1556, pooled p=0.6189
  chi-square homogeneity: chi2=12.91, df=27, p=0.9898
  I^2 = 0.0%
  SD of per-run win rate: observed 0.0474, binomial-expected 0.0673  (ratio 0.705)
  implied between-run SD of TRUE win rate (tau) = 0.0000  (0.00 pp)

====================================================================================================
B. MODEL-BASED OPPONENT ADJUSTMENT (continuous logistic)
  N=1410 games with a known opponent rating (v1/v2 episodes.csv carries no scores)
  win ~ 1 + (oppRating-875)/100: intercept +0.5770 (se 0.0597), slope -0.5449 (se 0.0565), z=-9.65
  => each +100 opponent rating costs 12.85 pp of win rate at p=0.619

ver     rating    N  meanOpp    raw expected  excess  adjWR        wilsonAdj
v3a      996.6   95    896.5  0.642    0.597  +0.045  0.664 [0.564,0.753]
v3b      907.6   93    851.6  0.591    0.649  -0.057  0.561 [0.460,0.656]
v4      1031.2   51    967.1  0.627    0.516  +0.111  0.730 [0.593,0.850]
v4.5     979.1   67    843.0  0.701    0.647  +0.054  0.673 [0.555,0.769]
v5       963.6   65    859.6  0.662    0.639  +0.022  0.641 [0.520,0.744]
v6       996.6   54    865.6  0.704    0.630  +0.074  0.693 [0.561,0.798]
v7       943.3   60    863.2  0.633    0.639  -0.006  0.613 [0.486,0.723]
v8      1035.8   50    974.4  0.560    0.502  +0.058  0.677 [0.540,0.806]
v9       994.9   77    949.5  0.571    0.530  +0.042  0.661 [0.549,0.765]
v11a     874.2   44    805.9  0.614    0.707  -0.094  0.525 [0.378,0.654]
v11b     935.8   45    884.2  0.600    0.618  -0.018  0.601 [0.455,0.731]
v11      950.3   59    852.5  0.644    0.642  +0.002  0.621 [0.494,0.731]
v12a     914.8   41    797.5  0.683    0.705  -0.022  0.596 [0.444,0.718]
v12b     894.6   33    851.9  0.576    0.651  -0.076  0.543 [0.376,0.695]
v13a     942.5   56    893.5  0.571    0.604  -0.033  0.586 [0.456,0.707]
v13b     964.8   60    906.1  0.567    0.567  -0.000  0.619 [0.493,0.737]
v14      927.6   42    851.4  0.643    0.647  -0.004  0.615 [0.464,0.742]
v15     1007.7   62    929.8  0.629    0.556  +0.073  0.692 [0.567,0.801]
v15b     862.0   48    830.3  0.562    0.681  -0.119  0.500 [0.360,0.630]
v16      955.8   45    865.6  0.644    0.630  +0.014  0.633 [0.487,0.756]
v17      896.8   42    796.6  0.643    0.698  -0.055  0.564 [0.413,0.691]
v18      779.5   33    763.3  0.515    0.750  -0.235  0.384 [0.221,0.543]
v19a     978.3   42    864.1  0.690    0.634  +0.056  0.675 [0.524,0.794]
v19b     904.6   42    842.2  0.619    0.667  -0.048  0.571 [0.420,0.702]
v20      982.0   46    910.8  0.609    0.573  +0.036  0.655 [0.511,0.782]
v21      948.2   58    889.5  0.603    0.613  -0.010  0.609 [0.480,0.724]

  opponent-adjusted homogeneity: chi2=27.42, df=25, p=0.3353

  Pearson(mean opponent rating, final rating) r=+0.8472 p=4.78e-08  R^2=0.7178   N=26
  Pearson(raw win rate, final rating)          r=+0.3912 p=0.0481  R^2=0.1531
  Pearson(opponent-adjusted excess, final rating) r=+0.9740 p=0.0000  R^2=0.9487
  Spearman(mean opponent rating, final rating) = (0.8333048506128935, 1.2627413928590156e-07)
  OLS rating ~ meanOpp/100 + rawWR : R^2=0.9730, betas [-309.91, 100.97, 608.49], resid SD 9.7

  focus set:
   v4    rating  1031.2  meanOpp   967.1  raw 0.627  expected-if-average 0.516  excess +0.111  adj 0.730
   v8    rating  1035.8  meanOpp   974.4  raw 0.560  expected-if-average 0.502  excess +0.058  adj 0.677
   v15   rating  1007.7  meanOpp   929.8  raw 0.629  expected-if-average 0.556  excess +0.073  adj 0.692
   v18   rating   779.5  meanOpp   763.3  raw 0.515  expected-if-average 0.750  excess -0.235  adj 0.384

  focus-set pairwise on opponent-adjusted excess (z-test):
      v4 vs v8  : d(excess)=+0.053 z=+0.53 p=0.5953   d(rating)=-4.6
      v4 vs v15 : d(excess)=+0.038 z=+0.41 p=0.6844   d(rating)=+23.5
      v4 vs v18 : d(excess)=+0.347 z=+3.37 p=0.0008   d(rating)=+251.7
      v8 vs v15 : d(excess)=-0.015 z=-0.15 p=0.8780   d(rating)=+28.1
      v8 vs v18 : d(excess)=+0.294 z=+2.84 p=0.0045   d(rating)=+256.3
     v15 vs v18 : d(excess)=+0.308 z=+3.14 p=0.0017   d(rating)=+228.2

====================================================================================================
C. WITHIN-RUN RATING VOLATILITY (same binary, same run, over time)
ver    games   final     min     max  range sd(last half) peak-final
v3a       96   996.7   600.0  1003.5  403.5          20.5        6.9
v3b       94   912.2   600.0   954.3  354.3           7.0       42.1
v4        52  1031.2   600.0  1137.5  537.5          12.1      106.3
v4.5      68   979.2   430.4   991.2  560.9          14.2       12.1
v5        66   963.7   600.0   984.2  384.2          25.1       20.5
v6        55   996.7   600.0   996.7  396.7          13.5        0.0
v7        61   947.1   600.0   952.0  352.0          10.5        5.0
v8        51  1013.6   492.6  1108.3  615.8           9.4       94.7
v9        78   994.9   600.0  1070.2  470.2          23.2       75.3
v11a      45   874.2   600.0   904.4  304.4          19.1       30.2
v11b      46   935.8   600.0   965.0  365.0           8.6       29.2
v11       60   950.4   600.0   959.8  359.8           8.8        9.4
v12a      42   914.8   600.0   930.3  330.3           8.3       15.5
v12b      34   894.6   600.0   984.9  384.9          16.2       90.3
v13a      57   938.0   600.0  1012.9  412.9          11.6       74.9
v13b      61   964.8   515.4  1112.8  597.4          13.0      148.0
v14       43   927.7   600.0  1005.5  405.5          15.4       77.8
v15       63  1007.8   600.0  1052.2  452.2          12.9       44.4
v15b      49   862.0   600.0  1046.6  446.6          15.2      184.6
v16       46   955.8   600.0  1011.3  411.3          19.8       55.5
v17       43   896.8   557.2   930.4  373.2          10.7       33.6
v18       34   779.6   489.7   849.5  359.8          18.3       69.9
v19a      43   978.3   600.0  1015.3  415.3          15.6       37.0
v19b      43   904.7   600.0   964.7  364.7          15.5       60.0
v20       47   982.0   600.0  1029.3  429.3           8.5       47.3
v21       59   948.2   600.0   991.1  391.1          14.0       42.9
  mean intra-run range 418.4, mean SD over the last half 14.1, mean (peak - final) 54.4   N=26 runs

====================================================================================================
D. SIMULATED FINAL RATING AT FIXED TRUE STRENGTH
  per-game rating step, N=1410: win mean +20.74 (sd 26.90), loss mean -17.20 (sd 18.43)
  bootstrap of a 47-game run at the pooled true win rate 0.619: final rating mean 1294.9, SD 208.6, 5-95% [963,1647], full range [470,2219]
  => two identical binaries differ by more than 578 rating points 5% of the time

====================================================================================================
E. OBSERVED vs SIMULATED RATING SPREAD
  observed SD of the 28 final ratings = 56.5
  SD expected from pure noise at constant true strength = 208.6
  => noise accounts for 100% of the observed rating variance; residual true-skill SD = 0.0 rating points
