{
  "counterfactual_v16_disabled": {
    "games": 15,
    "decisions": 1742,
    "differences": 0,
    "by_shape": {},
    "by_matchup": {
      "wall": {
        "decisions": 1742,
        "differences": 0
      }
    },
    "episodes_touched": [],
    "guard": {
      "considered": 0,
      "main_decisions": 0,
      "dead_swing_turns": 0,
      "dead_swing_decisions": 0,
      "boss_prize_deferred": 0,
      "no_breaker_in_play": 0,
      "breaker_too_slow": 0,
      "breaker_would_be_sacrificed": 0,
      "attack_forced": 0,
      "fuel_attach_forced": 0,
      "escape_attach_forced": 0,
      "retreat_forced": 0,
      "attachment_redirected": 0,
      "dead_shadow_replaced": 0,
      "end_replaced": 0,
      "route_compatible_kept": 0,
      "promote_forced": 0,
      "promote_already_right": 0,
      "last_breaker_evolve_refused": 0,
      "last_breaker_evolve_kept": 0,
      "new_game_detected": 0,
      "errors": 0
    }
  },
  "footprint_v16_live": {
    "games": 15,
    "decisions": 1742,
    "differences": 22,
    "by_shape": {
      "ctx0:attack:shadow -> ctx0:type12": 11,
      "ctx0:type8 -> ctx0:type8": 9,
      "ctx0:type9 -> ctx0:type12": 2
    },
    "by_matchup": {
      "wall": {
        "decisions": 1742,
        "differences": 22
      }
    },
    "episodes_touched": [
      {
        "episode_id": 91697783,
        "matchup": "wall",
        "differences": 8
      },
      {
        "episode_id": 91770999,
        "matchup": "wall",
        "differences": 4
      },
      {
        "episode_id": 91663479,
        "matchup": "wall",
        "differences": 3
      },
      {
        "episode_id": 91659713,
        "matchup": "wall",
        "differences": 2
      },
      {
        "episode_id": 91627968,
        "matchup": "wall",
        "differences": 2
      },
      {
        "episode_id": 91768893,
        "matchup": "wall",
        "differences": 1
      },
      {
        "episode_id": 91691207,
        "matchup": "wall",
        "differences": 1
      },
      {
        "episode_id": 91689352,
        "matchup": "wall",
        "differences": 1
      }
    ],
    "guard": {
      "considered": 1742,
      "main_decisions": 849,
      "dead_swing_turns": 104,
      "dead_swing_decisions": 523,
      "boss_prize_deferred": 46,
      "no_breaker_in_play": 151,
      "breaker_too_slow": 128,
      "breaker_would_be_sacrificed": 80,
      "attack_forced": 0,
      "fuel_attach_forced": 9,
      "escape_attach_forced": 0,
      "retreat_forced": 13,
      "attachment_redirected": 9,
      "dead_shadow_replaced": 11,
      "end_replaced": 0,
      "route_compatible_kept": 7,
      "promote_forced": 0,
      "promote_already_right": 1,
      "last_breaker_evolve_refused": 2,
      "last_breaker_evolve_kept": 6,
      "new_game_detected": 0,
      "errors": 0
    }
  },
  "verdict": "clean"
}
