decisions train=218156 validation=35061 test=34611 features=795
[LightGBM] [Warning] Met negative value in categorical features, will convert it to NaN
[LightGBM] [Warning] Met negative value in categorical features, will convert it to NaN
[LightGBM] [Warning] Met categorical feature which contains sparse values. Consider renumbering to consecutive integers started from zero
[LightGBM] [Warning] Met negative value in categorical features, will convert it to NaN
[LightGBM] [Warning] Met negative value in categorical features, will convert it to NaN
Training until validation scores don't improve for 200 rounds
[100]	validation's top1: 0.830182
[200]	validation's top1: 0.838111
[300]	validation's top1: 0.840307
[400]	validation's top1: 0.843872
[500]	validation's top1: 0.84584
[600]	validation's top1: 0.845327
[700]	validation's top1: 0.846011
[800]	validation's top1: 0.845897
Early stopping, best iteration is:
[678]	validation's top1: 0.847095
{
  "best_iteration": 678,
  "validation_top1": 0.8471,
  "test_top1": 0.8455,
  "test_top1_wilson95": [
    0.8417,
    0.8493
  ],
  "test_top3": 0.9891,
  "test_order_insensitive_top1": 0.9385,
  "test_taxonomy": {
    "correct": 0.8455,
    "same_turn_ordering": 0.093,
    "same_action_type_divergence": 0.0371,
    "divergence": 0.0244
  },
  "test_top1_by_context": {
    "0": {
      "decisions": 17883,
      "top1": 0.7955
    },
    "7": {
      "decisions": 3519,
      "top1": 0.8318
    },
    "13": {
      "decisions": 2538,
      "top1": 0.844
    },
    "40": {
      "decisions": 2498,
      "top1": 0.9976
    },
    "21": {
      "decisions": 1997,
      "top1": 0.9569
    },
    "16": {
      "decisions": 1645,
      "top1": 0.876
    },
    "15": {
      "decisions": 1367,
      "top1": 0.8383
    },
    "43": {
      "decisions": 965,
      "top1": 0.9803
    },
    "4": {
      "decisions": 916,
      "top1": 0.94
    },
    "3": {
      "decisions": 618,
      "top1": 0.8398
    },
    "41": {
      "decisions": 227,
      "top1": 1.0
    },
    "1": {
      "decisions": 161,
      "top1": 1.0
    },
    "37": {
      "decisions": 134,
      "top1": 0.9851
    },
    "38": {
      "decisions": 108,
      "top1": 1.0
    },
    "5": {
      "decisions": 26,
      "top1": 0.8846
    },
    "8": {
      "decisions": 9,
      "top1": 0.2222
    }
  }
}
