[LightGBM] [Warning] Met negative value in categorical features, will convert it to NaN
[LightGBM] [Warning] Met negative value in categorical features, will convert it to NaN
[LightGBM] [Warning] Met negative value in categorical features, will convert it to NaN
[LightGBM] [Warning] Met negative value in categorical features, will convert it to NaN
[LightGBM] [Warning] Met negative value in categorical features, will convert it to NaN
[LightGBM] [Warning] Met negative value in categorical features, will convert it to NaN
[LightGBM] [Warning] Met negative value in categorical features, will convert it to NaN
[LightGBM] [Warning] Met negative value in categorical features, will convert it to NaN
[LightGBM] [Warning] Met negative value in categorical features, will convert it to NaN
[LightGBM] [Warning] Met negative value in categorical features, will convert it to NaN
[LightGBM] [Warning] Met negative value in categorical features, will convert it to NaN
[LightGBM] [Warning] Met negative value in categorical features, will convert it to NaN
[LightGBM] [Warning] Met negative value in categorical features, will convert it to NaN
[LightGBM] [Warning] Met negative value in categorical features, will convert it to NaN
[LightGBM] [Warning] Met categorical feature which contains sparse values. Consider renumbering to consecutive integers started from zero
[LightGBM] [Warning] Met negative value in categorical features, will convert it to NaN
[LightGBM] [Warning] Met negative value in categorical features, will convert it to NaN
[LightGBM] [Warning] Met negative value in categorical features, will convert it to NaN
[LightGBM] [Warning] Met negative value in categorical features, will convert it to NaN
[LightGBM] [Warning] Met negative value in categorical features, will convert it to NaN
[LightGBM] [Warning] Met negative value in categorical features, will convert it to NaN
[LightGBM] [Warning] Met negative value in categorical features, will convert it to NaN
[LightGBM] [Warning] Met negative value in categorical features, will convert it to NaN
[LightGBM] [Warning] Met negative value in categorical features, will convert it to NaN
C:\Users\shiba\ptcc_pokemon_ai_buttle\.venv\lib\site-packages\sklearn\utils\validation.py:2749: UserWarning: X does not have valid feature names, but LGBMRanker was fitted with feature names
  warnings.warn(
C:\Users\shiba\ptcc_pokemon_ai_buttle\.venv\lib\site-packages\sklearn\utils\validation.py:2749: UserWarning: X does not have valid feature names, but LGBMRanker was fitted with feature names
  warnings.warn(
C:\Users\shiba\ptcc_pokemon_ai_buttle\.venv\lib\site-packages\sklearn\utils\validation.py:2749: UserWarning: X does not have valid feature names, but LGBMRanker was fitted with feature names
  warnings.warn(
C:\Users\shiba\ptcc_pokemon_ai_buttle\.venv\lib\site-packages\sklearn\utils\validation.py:2749: UserWarning: X does not have valid feature names, but LGBMRanker was fitted with feature names
  warnings.warn(
C:\Users\shiba\ptcc_pokemon_ai_buttle\.venv\lib\site-packages\sklearn\utils\validation.py:2749: UserWarning: X does not have valid feature names, but LGBMRanker was fitted with feature names
  warnings.warn(
C:\Users\shiba\ptcc_pokemon_ai_buttle\.venv\lib\site-packages\sklearn\utils\validation.py:2749: UserWarning: X does not have valid feature names, but LGBMRanker was fitted with feature names
  warnings.warn(
C:\Users\shiba\ptcc_pokemon_ai_buttle\.venv\lib\site-packages\sklearn\utils\validation.py:2749: UserWarning: X does not have valid feature names, but LGBMRanker was fitted with feature names
  warnings.warn(
C:\Users\shiba\ptcc_pokemon_ai_buttle\.venv\lib\site-packages\sklearn\utils\validation.py:2749: UserWarning: X does not have valid feature names, but LGBMRanker was fitted with feature names
  warnings.warn(
C:\Users\shiba\ptcc_pokemon_ai_buttle\.venv\lib\site-packages\sklearn\utils\validation.py:2749: UserWarning: X does not have valid feature names, but LGBMRanker was fitted with feature names
  warnings.warn(
C:\Users\shiba\ptcc_pokemon_ai_buttle\.venv\lib\site-packages\sklearn\utils\validation.py:2749: UserWarning: X does not have valid feature names, but LGBMRanker was fitted with feature names
  warnings.warn(
C:\Users\shiba\ptcc_pokemon_ai_buttle\.venv\lib\site-packages\sklearn\utils\validation.py:2749: UserWarning: X does not have valid feature names, but LGBMRanker was fitted with feature names
  warnings.warn(
C:\Users\shiba\ptcc_pokemon_ai_buttle\.venv\lib\site-packages\sklearn\utils\validation.py:2749: UserWarning: X does not have valid feature names, but LGBMRanker was fitted with feature names
  warnings.warn(
C:\Users\shiba\ptcc_pokemon_ai_buttle\.venv\lib\site-packages\sklearn\utils\validation.py:2749: UserWarning: X does not have valid feature names, but LGBMRanker was fitted with feature names
  warnings.warn(
{"v34_default": {"trees": 2000, "val_top1": 0.8296, "val_turn_set": 0.9418, "test_top1": 0.8298, "test_turn_set": 0.9515, "test_divergence": 0.0485, "fit_s": 319.5}}
[LightGBM] [Warning] Met negative value in categorical features, will convert it to NaN
[LightGBM] [Warning] Met negative value in categorical features, will convert it to NaN
[LightGBM] [Warning] Met negative value in categorical features, will convert it to NaN
[LightGBM] [Warning] Met negative value in categorical features, will convert it to NaN
[LightGBM] [Warning] Met negative value in categorical features, will convert it to NaN
[LightGBM] [Warning] Met negative value in categorical features, will convert it to NaN
[LightGBM] [Warning] Met negative value in categorical features, will convert it to NaN
[LightGBM] [Warning] Met negative value in categorical features, will convert it to NaN
[LightGBM] [Warning] Met negative value in categorical features, will convert it to NaN
[LightGBM] [Warning] Met negative value in categorical features, will convert it to NaN
[LightGBM] [Warning] Met negative value in categorical features, will convert it to NaN
[LightGBM] [Warning] Met negative value in categorical features, will convert it to NaN
[LightGBM] [Warning] Met negative value in categorical features, will convert it to NaN
[LightGBM] [Warning] Met negative value in categorical features, will convert it to NaN
[LightGBM] [Warning] Met categorical feature which contains sparse values. Consider renumbering to consecutive integers started from zero
[LightGBM] [Warning] Met negative value in categorical features, will convert it to NaN
[LightGBM] [Warning] Met negative value in categorical features, will convert it to NaN
[LightGBM] [Warning] Met negative value in categorical features, will convert it to NaN
[LightGBM] [Warning] Met negative value in categorical features, will convert it to NaN
[LightGBM] [Warning] Met negative value in categorical features, will convert it to NaN
[LightGBM] [Warning] Met negative value in categorical features, will convert it to NaN
[LightGBM] [Warning] Met negative value in categorical features, will convert it to NaN
C:\Users\shiba\ptcc_pokemon_ai_buttle\.venv\lib\site-packages\sklearn\utils\validation.py:2749: UserWarning: X does not have valid feature names, but LGBMRanker was fitted with feature names
  warnings.warn(
C:\Users\shiba\ptcc_pokemon_ai_buttle\.venv\lib\site-packages\sklearn\utils\validation.py:2749: UserWarning: X does not have valid feature names, but LGBMRanker was fitted with feature names
  warnings.warn(
C:\Users\shiba\ptcc_pokemon_ai_buttle\.venv\lib\site-packages\sklearn\utils\validation.py:2749: UserWarning: X does not have valid feature names, but LGBMRanker was fitted with feature names
  warnings.warn(
C:\Users\shiba\ptcc_pokemon_ai_buttle\.venv\lib\site-packages\sklearn\utils\validation.py:2749: UserWarning: X does not have valid feature names, but LGBMRanker was fitted with feature names
  warnings.warn(
C:\Users\shiba\ptcc_pokemon_ai_buttle\.venv\lib\site-packages\sklearn\utils\validation.py:2749: UserWarning: X does not have valid feature names, but LGBMRanker was fitted with feature names
  warnings.warn(
C:\Users\shiba\ptcc_pokemon_ai_buttle\.venv\lib\site-packages\sklearn\utils\validation.py:2749: UserWarning: X does not have valid feature names, but LGBMRanker was fitted with feature names
  warnings.warn(
C:\Users\shiba\ptcc_pokemon_ai_buttle\.venv\lib\site-packages\sklearn\utils\validation.py:2749: UserWarning: X does not have valid feature names, but LGBMRanker was fitted with feature names
  warnings.warn(
C:\Users\shiba\ptcc_pokemon_ai_buttle\.venv\lib\site-packages\sklearn\utils\validation.py:2749: UserWarning: X does not have valid feature names, but LGBMRanker was fitted with feature names
  warnings.warn(
C:\Users\shiba\ptcc_pokemon_ai_buttle\.venv\lib\site-packages\sklearn\utils\validation.py:2749: UserWarning: X does not have valid feature names, but LGBMRanker was fitted with feature names
  warnings.warn(
C:\Users\shiba\ptcc_pokemon_ai_buttle\.venv\lib\site-packages\sklearn\utils\validation.py:2749: UserWarning: X does not have valid feature names, but LGBMRanker was fitted with feature names
  warnings.warn(
C:\Users\shiba\ptcc_pokemon_ai_buttle\.venv\lib\site-packages\sklearn\utils\validation.py:2749: UserWarning: X does not have valid feature names, but LGBMRanker was fitted with feature names
  warnings.warn(
C:\Users\shiba\ptcc_pokemon_ai_buttle\.venv\lib\site-packages\sklearn\utils\validation.py:2749: UserWarning: X does not have valid feature names, but LGBMRanker was fitted with feature names
  warnings.warn(
C:\Users\shiba\ptcc_pokemon_ai_buttle\.venv\lib\site-packages\sklearn\utils\validation.py:2749: UserWarning: X does not have valid feature names, but LGBMRanker was fitted with feature names
  warnings.warn(
{"compressed": {"trees": 2200, "val_top1": 0.8194, "val_turn_set": 0.9478, "test_top1": 0.8122, "test_turn_set": 0.9597, "test_divergence": 0.0403, "fit_s": 354.2}}
[LightGBM] [Warning] Met negative value in categorical features, will convert it to NaN
[LightGBM] [Warning] Met negative value in categorical features, will convert it to NaN
[LightGBM] [Warning] Met negative value in categorical features, will convert it to NaN
[LightGBM] [Warning] Met negative value in categorical features, will convert it to NaN
[LightGBM] [Warning] Met negative value in categorical features, will convert it to NaN
[LightGBM] [Warning] Met negative value in categorical features, will convert it to NaN
[LightGBM] [Warning] Met negative value in categorical features, will convert it to NaN
[LightGBM] [Warning] Met negative value in categorical features, will convert it to NaN
[LightGBM] [Warning] Met negative value in categorical features, will convert it to NaN
[LightGBM] [Warning] Met negative value in categorical features, will convert it to NaN
[LightGBM] [Warning] Met negative value in categorical features, will convert it to NaN
[LightGBM] [Warning] Met negative value in categorical features, will convert it to NaN
[LightGBM] [Warning] Met negative value in categorical features, will convert it to NaN
[LightGBM] [Warning] Met negative value in categorical features, will convert it to NaN
[LightGBM] [Warning] Met negative value in categorical features, will convert it to NaN
[LightGBM] [Warning] Met categorical feature which contains sparse values. Consider renumbering to consecutive integers started from zero
[LightGBM] [Warning] Met negative value in categorical features, will convert it to NaN
[LightGBM] [Warning] Met negative value in categorical features, will convert it to NaN
[LightGBM] [Warning] Met negative value in categorical features, will convert it to NaN
[LightGBM] [Warning] Met negative value in categorical features, will convert it to NaN
[LightGBM] [Warning] Met negative value in categorical features, will convert it to NaN
C:\Users\shiba\ptcc_pokemon_ai_buttle\.venv\lib\site-packages\sklearn\utils\validation.py:2749: UserWarning: X does not have valid feature names, but LGBMRanker was fitted with feature names
  warnings.warn(
C:\Users\shiba\ptcc_pokemon_ai_buttle\.venv\lib\site-packages\sklearn\utils\validation.py:2749: UserWarning: X does not have valid feature names, but LGBMRanker was fitted with feature names
  warnings.warn(
C:\Users\shiba\ptcc_pokemon_ai_buttle\.venv\lib\site-packages\sklearn\utils\validation.py:2749: UserWarning: X does not have valid feature names, but LGBMRanker was fitted with feature names
  warnings.warn(
C:\Users\shiba\ptcc_pokemon_ai_buttle\.venv\lib\site-packages\sklearn\utils\validation.py:2749: UserWarning: X does not have valid feature names, but LGBMRanker was fitted with feature names
  warnings.warn(
C:\Users\shiba\ptcc_pokemon_ai_buttle\.venv\lib\site-packages\sklearn\utils\validation.py:2749: UserWarning: X does not have valid feature names, but LGBMRanker was fitted with feature names
  warnings.warn(
C:\Users\shiba\ptcc_pokemon_ai_buttle\.venv\lib\site-packages\sklearn\utils\validation.py:2749: UserWarning: X does not have valid feature names, but LGBMRanker was fitted with feature names
  warnings.warn(
C:\Users\shiba\ptcc_pokemon_ai_buttle\.venv\lib\site-packages\sklearn\utils\validation.py:2749: UserWarning: X does not have valid feature names, but LGBMRanker was fitted with feature names
  warnings.warn(
C:\Users\shiba\ptcc_pokemon_ai_buttle\.venv\lib\site-packages\sklearn\utils\validation.py:2749: UserWarning: X does not have valid feature names, but LGBMRanker was fitted with feature names
  warnings.warn(
C:\Users\shiba\ptcc_pokemon_ai_buttle\.venv\lib\site-packages\sklearn\utils\validation.py:2749: UserWarning: X does not have valid feature names, but LGBMRanker was fitted with feature names
  warnings.warn(
C:\Users\shiba\ptcc_pokemon_ai_buttle\.venv\lib\site-packages\sklearn\utils\validation.py:2749: UserWarning: X does not have valid feature names, but LGBMRanker was fitted with feature names
  warnings.warn(
C:\Users\shiba\ptcc_pokemon_ai_buttle\.venv\lib\site-packages\sklearn\utils\validation.py:2749: UserWarning: X does not have valid feature names, but LGBMRanker was fitted with feature names
  warnings.warn(
C:\Users\shiba\ptcc_pokemon_ai_buttle\.venv\lib\site-packages\sklearn\utils\validation.py:2749: UserWarning: X does not have valid feature names, but LGBMRanker was fitted with feature names
  warnings.warn(
C:\Users\shiba\ptcc_pokemon_ai_buttle\.venv\lib\site-packages\sklearn\utils\validation.py:2749: UserWarning: X does not have valid feature names, but LGBMRanker was fitted with feature names
  warnings.warn(
{"linear": {"trees": 2000, "val_top1": 0.8123, "val_turn_set": 0.9554, "test_top1": 0.7888, "test_turn_set": 0.9606, "test_divergence": 0.0394, "fit_s": 392.3}}
[LightGBM] [Warning] Met negative value in categorical features, will convert it to NaN
[LightGBM] [Warning] Met negative value in categorical features, will convert it to NaN
[LightGBM] [Warning] Met negative value in categorical features, will convert it to NaN
[LightGBM] [Warning] Met negative value in categorical features, will convert it to NaN
[LightGBM] [Warning] Met negative value in categorical features, will convert it to NaN
[LightGBM] [Warning] Met negative value in categorical features, will convert it to NaN
[LightGBM] [Warning] Met negative value in categorical features, will convert it to NaN
[LightGBM] [Warning] Met negative value in categorical features, will convert it to NaN
[LightGBM] [Warning] Met negative value in categorical features, will convert it to NaN
[LightGBM] [Warning] Met negative value in categorical features, will convert it to NaN
[LightGBM] [Warning] Met negative value in categorical features, will convert it to NaN
[LightGBM] [Warning] Met negative value in categorical features, will convert it to NaN
[LightGBM] [Warning] Met negative value in categorical features, will convert it to NaN
[LightGBM] [Warning] Met categorical feature which contains sparse values. Consider renumbering to consecutive integers started from zero
[LightGBM] [Warning] Met negative value in categorical features, will convert it to NaN
[LightGBM] [Warning] Met negative value in categorical features, will convert it to NaN
[LightGBM] [Warning] Met negative value in categorical features, will convert it to NaN
[LightGBM] [Warning] Met negative value in categorical features, will convert it to NaN
[LightGBM] [Warning] Met negative value in categorical features, will convert it to NaN
[LightGBM] [Warning] Met negative value in categorical features, will convert it to NaN
[LightGBM] [Warning] Met negative value in categorical features, will convert it to NaN
C:\Users\shiba\ptcc_pokemon_ai_buttle\.venv\lib\site-packages\sklearn\utils\validation.py:2749: UserWarning: X does not have valid feature names, but LGBMRanker was fitted with feature names
  warnings.warn(
C:\Users\shiba\ptcc_pokemon_ai_buttle\.venv\lib\site-packages\sklearn\utils\validation.py:2749: UserWarning: X does not have valid feature names, but LGBMRanker was fitted with feature names
  warnings.warn(
C:\Users\shiba\ptcc_pokemon_ai_buttle\.venv\lib\site-packages\sklearn\utils\validation.py:2749: UserWarning: X does not have valid feature names, but LGBMRanker was fitted with feature names
  warnings.warn(
C:\Users\shiba\ptcc_pokemon_ai_buttle\.venv\lib\site-packages\sklearn\utils\validation.py:2749: UserWarning: X does not have valid feature names, but LGBMRanker was fitted with feature names
  warnings.warn(
C:\Users\shiba\ptcc_pokemon_ai_buttle\.venv\lib\site-packages\sklearn\utils\validation.py:2749: UserWarning: X does not have valid feature names, but LGBMRanker was fitted with feature names
  warnings.warn(
C:\Users\shiba\ptcc_pokemon_ai_buttle\.venv\lib\site-packages\sklearn\utils\validation.py:2749: UserWarning: X does not have valid feature names, but LGBMRanker was fitted with feature names
  warnings.warn(
C:\Users\shiba\ptcc_pokemon_ai_buttle\.venv\lib\site-packages\sklearn\utils\validation.py:2749: UserWarning: X does not have valid feature names, but LGBMRanker was fitted with feature names
  warnings.warn(
C:\Users\shiba\ptcc_pokemon_ai_buttle\.venv\lib\site-packages\sklearn\utils\validation.py:2749: UserWarning: X does not have valid feature names, but LGBMRanker was fitted with feature names
  warnings.warn(
C:\Users\shiba\ptcc_pokemon_ai_buttle\.venv\lib\site-packages\sklearn\utils\validation.py:2749: UserWarning: X does not have valid feature names, but LGBMRanker was fitted with feature names
  warnings.warn(
C:\Users\shiba\ptcc_pokemon_ai_buttle\.venv\lib\site-packages\sklearn\utils\validation.py:2749: UserWarning: X does not have valid feature names, but LGBMRanker was fitted with feature names
  warnings.warn(
C:\Users\shiba\ptcc_pokemon_ai_buttle\.venv\lib\site-packages\sklearn\utils\validation.py:2749: UserWarning: X does not have valid feature names, but LGBMRanker was fitted with feature names
  warnings.warn(
C:\Users\shiba\ptcc_pokemon_ai_buttle\.venv\lib\site-packages\sklearn\utils\validation.py:2749: UserWarning: X does not have valid feature names, but LGBMRanker was fitted with feature names
  warnings.warn(
C:\Users\shiba\ptcc_pokemon_ai_buttle\.venv\lib\site-packages\sklearn\utils\validation.py:2749: UserWarning: X does not have valid feature names, but LGBMRanker was fitted with feature names
  warnings.warn(
{"set_weighted": {"trees": 2000, "val_top1": 0.8047, "val_turn_set": 0.9594, "test_top1": 0.7801, "test_turn_set": 0.9648, "test_divergence": 0.0352, "fit_s": 428.4}}
[LightGBM] [Warning] Met negative value in categorical features, will convert it to NaN
[LightGBM] [Warning] Met negative value in categorical features, will convert it to NaN
[LightGBM] [Warning] Met negative value in categorical features, will convert it to NaN
[LightGBM] [Warning] Met negative value in categorical features, will convert it to NaN
[LightGBM] [Warning] Met negative value in categorical features, will convert it to NaN
[LightGBM] [Warning] Met negative value in categorical features, will convert it to NaN
[LightGBM] [Warning] Met negative value in categorical features, will convert it to NaN
[LightGBM] [Warning] Met negative value in categorical features, will convert it to NaN
[LightGBM] [Warning] Met negative value in categorical features, will convert it to NaN
[LightGBM] [Warning] Met negative value in categorical features, will convert it to NaN
[LightGBM] [Warning] Met negative value in categorical features, will convert it to NaN
[LightGBM] [Warning] Met negative value in categorical features, will convert it to NaN
[LightGBM] [Warning] Met negative value in categorical features, will convert it to NaN
[LightGBM] [Warning] Met negative value in categorical features, will convert it to NaN
[LightGBM] [Warning] Met negative value in categorical features, will convert it to NaN
[LightGBM] [Warning] Met categorical feature which contains sparse values. Consider renumbering to consecutive integers started from zero
[LightGBM] [Warning] Met negative value in categorical features, will convert it to NaN
[LightGBM] [Warning] Met negative value in categorical features, will convert it to NaN
[LightGBM] [Warning] Met negative value in categorical features, will convert it to NaN
[LightGBM] [Warning] Met negative value in categorical features, will convert it to NaN
[LightGBM] [Warning] Met negative value in categorical features, will convert it to NaN
C:\Users\shiba\ptcc_pokemon_ai_buttle\.venv\lib\site-packages\sklearn\utils\validation.py:2749: UserWarning: X does not have valid feature names, but LGBMRanker was fitted with feature names
  warnings.warn(
C:\Users\shiba\ptcc_pokemon_ai_buttle\.venv\lib\site-packages\sklearn\utils\validation.py:2749: UserWarning: X does not have valid feature names, but LGBMRanker was fitted with feature names
  warnings.warn(
C:\Users\shiba\ptcc_pokemon_ai_buttle\.venv\lib\site-packages\sklearn\utils\validation.py:2749: UserWarning: X does not have valid feature names, but LGBMRanker was fitted with feature names
  warnings.warn(
C:\Users\shiba\ptcc_pokemon_ai_buttle\.venv\lib\site-packages\sklearn\utils\validation.py:2749: UserWarning: X does not have valid feature names, but LGBMRanker was fitted with feature names
  warnings.warn(
C:\Users\shiba\ptcc_pokemon_ai_buttle\.venv\lib\site-packages\sklearn\utils\validation.py:2749: UserWarning: X does not have valid feature names, but LGBMRanker was fitted with feature names
  warnings.warn(
C:\Users\shiba\ptcc_pokemon_ai_buttle\.venv\lib\site-packages\sklearn\utils\validation.py:2749: UserWarning: X does not have valid feature names, but LGBMRanker was fitted with feature names
  warnings.warn(
C:\Users\shiba\ptcc_pokemon_ai_buttle\.venv\lib\site-packages\sklearn\utils\validation.py:2749: UserWarning: X does not have valid feature names, but LGBMRanker was fitted with feature names
  warnings.warn(
C:\Users\shiba\ptcc_pokemon_ai_buttle\.venv\lib\site-packages\sklearn\utils\validation.py:2749: UserWarning: X does not have valid feature names, but LGBMRanker was fitted with feature names
  warnings.warn(
C:\Users\shiba\ptcc_pokemon_ai_buttle\.venv\lib\site-packages\sklearn\utils\validation.py:2749: UserWarning: X does not have valid feature names, but LGBMRanker was fitted with feature names
  warnings.warn(
C:\Users\shiba\ptcc_pokemon_ai_buttle\.venv\lib\site-packages\sklearn\utils\validation.py:2749: UserWarning: X does not have valid feature names, but LGBMRanker was fitted with feature names
  warnings.warn(
C:\Users\shiba\ptcc_pokemon_ai_buttle\.venv\lib\site-packages\sklearn\utils\validation.py:2749: UserWarning: X does not have valid feature names, but LGBMRanker was fitted with feature names
  warnings.warn(
C:\Users\shiba\ptcc_pokemon_ai_buttle\.venv\lib\site-packages\sklearn\utils\validation.py:2749: UserWarning: X does not have valid feature names, but LGBMRanker was fitted with feature names
  warnings.warn(
C:\Users\shiba\ptcc_pokemon_ai_buttle\.venv\lib\site-packages\sklearn\utils\validation.py:2749: UserWarning: X does not have valid feature names, but LGBMRanker was fitted with feature names
  warnings.warn(
{"set_flat_control": {"trees": 2000, "val_top1": 0.4385, "val_turn_set": 0.9866, "test_top1": 0.4985, "test_turn_set": 0.9838, "test_divergence": 0.0162, "fit_s": 409.9}}
[LightGBM] [Warning] Met negative value in categorical features, will convert it to NaN
[LightGBM] [Warning] Met negative value in categorical features, will convert it to NaN
[LightGBM] [Warning] Met negative value in categorical features, will convert it to NaN
[LightGBM] [Warning] Met negative value in categorical features, will convert it to NaN
[LightGBM] [Warning] Met negative value in categorical features, will convert it to NaN
[LightGBM] [Warning] Met negative value in categorical features, will convert it to NaN
[LightGBM] [Warning] Met negative value in categorical features, will convert it to NaN
[LightGBM] [Warning] Met negative value in categorical features, will convert it to NaN
[LightGBM] [Warning] Met negative value in categorical features, will convert it to NaN
[LightGBM] [Warning] Met negative value in categorical features, will convert it to NaN
[LightGBM] [Warning] Met negative value in categorical features, will convert it to NaN
[LightGBM] [Warning] Met negative value in categorical features, will convert it to NaN
[LightGBM] [Warning] Met negative value in categorical features, will convert it to NaN
[LightGBM] [Warning] Met negative value in categorical features, will convert it to NaN
[LightGBM] [Warning] Met categorical feature which contains sparse values. Consider renumbering to consecutive integers started from zero
[LightGBM] [Warning] Met negative value in categorical features, will convert it to NaN
[LightGBM] [Warning] Met negative value in categorical features, will convert it to NaN
[LightGBM] [Warning] Met negative value in categorical features, will convert it to NaN
[LightGBM] [Warning] Met negative value in categorical features, will convert it to NaN
[LightGBM] [Warning] Met negative value in categorical features, will convert it to NaN
[LightGBM] [Warning] Met negative value in categorical features, will convert it to NaN
[LightGBM] [Warning] Met negative value in categorical features, will convert it to NaN
[LightGBM] [Warning] Met negative value in categorical features, will convert it to NaN
[LightGBM] [Warning] Met negative value in categorical features, will convert it to NaN
C:\Users\shiba\ptcc_pokemon_ai_buttle\.venv\lib\site-packages\sklearn\utils\validation.py:2749: UserWarning: X does not have valid feature names, but LGBMRanker was fitted with feature names
  warnings.warn(
C:\Users\shiba\ptcc_pokemon_ai_buttle\.venv\lib\site-packages\sklearn\utils\validation.py:2749: UserWarning: X does not have valid feature names, but LGBMRanker was fitted with feature names
  warnings.warn(
C:\Users\shiba\ptcc_pokemon_ai_buttle\.venv\lib\site-packages\sklearn\utils\validation.py:2749: UserWarning: X does not have valid feature names, but LGBMRanker was fitted with feature names
  warnings.warn(
C:\Users\shiba\ptcc_pokemon_ai_buttle\.venv\lib\site-packages\sklearn\utils\validation.py:2749: UserWarning: X does not have valid feature names, but LGBMRanker was fitted with feature names
  warnings.warn(
C:\Users\shiba\ptcc_pokemon_ai_buttle\.venv\lib\site-packages\sklearn\utils\validation.py:2749: UserWarning: X does not have valid feature names, but LGBMRanker was fitted with feature names
  warnings.warn(
C:\Users\shiba\ptcc_pokemon_ai_buttle\.venv\lib\site-packages\sklearn\utils\validation.py:2749: UserWarning: X does not have valid feature names, but LGBMRanker was fitted with feature names
  warnings.warn(
C:\Users\shiba\ptcc_pokemon_ai_buttle\.venv\lib\site-packages\sklearn\utils\validation.py:2749: UserWarning: X does not have valid feature names, but LGBMRanker was fitted with feature names
  warnings.warn(
C:\Users\shiba\ptcc_pokemon_ai_buttle\.venv\lib\site-packages\sklearn\utils\validation.py:2749: UserWarning: X does not have valid feature names, but LGBMRanker was fitted with feature names
  warnings.warn(
C:\Users\shiba\ptcc_pokemon_ai_buttle\.venv\lib\site-packages\sklearn\utils\validation.py:2749: UserWarning: X does not have valid feature names, but LGBMRanker was fitted with feature names
  warnings.warn(
C:\Users\shiba\ptcc_pokemon_ai_buttle\.venv\lib\site-packages\sklearn\utils\validation.py:2749: UserWarning: X does not have valid feature names, but LGBMRanker was fitted with feature names
  warnings.warn(
C:\Users\shiba\ptcc_pokemon_ai_buttle\.venv\lib\site-packages\sklearn\utils\validation.py:2749: UserWarning: X does not have valid feature names, but LGBMRanker was fitted with feature names
  warnings.warn(
C:\Users\shiba\ptcc_pokemon_ai_buttle\.venv\lib\site-packages\sklearn\utils\validation.py:2749: UserWarning: X does not have valid feature names, but LGBMRanker was fitted with feature names
  warnings.warn(
C:\Users\shiba\ptcc_pokemon_ai_buttle\.venv\lib\site-packages\sklearn\utils\validation.py:2749: UserWarning: X does not have valid feature names, but LGBMRanker was fitted with feature names
  warnings.warn(
{"binary": {"trees": 2200, "val_top1": 0.8284, "val_turn_set": 0.9411, "test_top1": 0.831, "test_turn_set": 0.9475, "test_divergence": 0.0525, "fit_s": 366.2}}
