acting turns: 8341  decisions: 49590
graded label counts: {'later': 58139, 'chosen': 49590, 'later_next': 26718, 'never': 309267}
P(chosen | passed over n times this turn):
  0: rows=   92050 p=0.1738
  1: rows=   59545 p=0.0945
  2: rows=   47468 p=0.0906
  3: rows=   34853 p=0.0916
  4: rows=   75446 p=0.0873
[LightGBM] [Warning] Met negative value in categorical features, will convert it to NaN
[LightGBM] [Warning] Met negative value in categorical features, will convert it to NaN
[LightGBM] [Warning] Met negative value in categorical features, will convert it to NaN
[LightGBM] [Warning] Met negative value in categorical features, will convert it to NaN
[LightGBM] [Warning] Met negative value in categorical features, will convert it to NaN
[LightGBM] [Warning] Met negative value in categorical features, will convert it to NaN
[LightGBM] [Warning] Met negative value in categorical features, will convert it to NaN
[LightGBM] [Warning] Met negative value in categorical features, will convert it to NaN
[LightGBM] [Warning] Met negative value in categorical features, will convert it to NaN
[LightGBM] [Warning] Met negative value in categorical features, will convert it to NaN
[LightGBM] [Warning] Met negative value in categorical features, will convert it to NaN
[LightGBM] [Warning] Met negative value in categorical features, will convert it to NaN
[LightGBM] [Warning] Met negative value in categorical features, will convert it to NaN
[LightGBM] [Warning] Met negative value in categorical features, will convert it to NaN
[LightGBM] [Warning] Met negative value in categorical features, will convert it to NaN
[LightGBM] [Warning] Met negative value in categorical features, will convert it to NaN
[LightGBM] [Warning] Met negative value in categorical features, will convert it to NaN
[LightGBM] [Warning] Met categorical feature which contains sparse values. Consider renumbering to consecutive integers started from zero
[LightGBM] [Warning] Met negative value in categorical features, will convert it to NaN
[LightGBM] [Warning] Met negative value in categorical features, will convert it to NaN
[LightGBM] [Warning] Met negative value in categorical features, will convert it to NaN
[LightGBM] [Warning] Met negative value in categorical features, will convert it to NaN
[LightGBM] [Warning] Met negative value in categorical features, will convert it to NaN
[LightGBM] [Warning] Met negative value in categorical features, will convert it to NaN
C:\Users\shiba\ptcc_pokemon_ai_buttle\.venv\lib\site-packages\sklearn\utils\validation.py:2749: UserWarning: X does not have valid feature names, but LGBMRanker was fitted with feature names
  warnings.warn(
C:\Users\shiba\ptcc_pokemon_ai_buttle\.venv\lib\site-packages\sklearn\utils\validation.py:2749: UserWarning: X does not have valid feature names, but LGBMRanker was fitted with feature names
  warnings.warn(
C:\Users\shiba\ptcc_pokemon_ai_buttle\.venv\lib\site-packages\sklearn\utils\validation.py:2749: UserWarning: X does not have valid feature names, but LGBMRanker was fitted with feature names
  warnings.warn(
{"baseline": {"best_iteration": 627, "train_top1": 0.969, "val_top1": 0.7761, "test_top1": 0.7811, "test_top2": 0.9182, "test_top3": 0.965}}
[LightGBM] [Warning] Met negative value in categorical features, will convert it to NaN
[LightGBM] [Warning] Met negative value in categorical features, will convert it to NaN
[LightGBM] [Warning] Met negative value in categorical features, will convert it to NaN
[LightGBM] [Warning] Met negative value in categorical features, will convert it to NaN
[LightGBM] [Warning] Met negative value in categorical features, will convert it to NaN
[LightGBM] [Warning] Met negative value in categorical features, will convert it to NaN
[LightGBM] [Warning] Met negative value in categorical features, will convert it to NaN
[LightGBM] [Warning] Met negative value in categorical features, will convert it to NaN
[LightGBM] [Warning] Met negative value in categorical features, will convert it to NaN
[LightGBM] [Warning] Met negative value in categorical features, will convert it to NaN
[LightGBM] [Warning] Met categorical feature which contains sparse values. Consider renumbering to consecutive integers started from zero
[LightGBM] [Warning] Met negative value in categorical features, will convert it to NaN
[LightGBM] [Warning] Met negative value in categorical features, will convert it to NaN
[LightGBM] [Warning] Met negative value in categorical features, will convert it to NaN
[LightGBM] [Warning] Met negative value in categorical features, will convert it to NaN
[LightGBM] [Warning] Met negative value in categorical features, will convert it to NaN
[LightGBM] [Warning] Met negative value in categorical features, will convert it to NaN
[LightGBM] [Warning] Met negative value in categorical features, will convert it to NaN
[LightGBM] [Warning] Met negative value in categorical features, will convert it to NaN
[LightGBM] [Warning] Met negative value in categorical features, will convert it to NaN
[LightGBM] [Warning] Met negative value in categorical features, will convert it to NaN
[LightGBM] [Warning] Met negative value in categorical features, will convert it to NaN
[LightGBM] [Warning] Met negative value in categorical features, will convert it to NaN
[LightGBM] [Warning] Met negative value in categorical features, will convert it to NaN
C:\Users\shiba\ptcc_pokemon_ai_buttle\.venv\lib\site-packages\sklearn\utils\validation.py:2749: UserWarning: X does not have valid feature names, but LGBMRanker was fitted with feature names
  warnings.warn(
C:\Users\shiba\ptcc_pokemon_ai_buttle\.venv\lib\site-packages\sklearn\utils\validation.py:2749: UserWarning: X does not have valid feature names, but LGBMRanker was fitted with feature names
  warnings.warn(
C:\Users\shiba\ptcc_pokemon_ai_buttle\.venv\lib\site-packages\sklearn\utils\validation.py:2749: UserWarning: X does not have valid feature names, but LGBMRanker was fitted with feature names
  warnings.warn(
{"turnstate": {"best_iteration": 672, "train_top1": 0.9742, "val_top1": 0.7749, "test_top1": 0.7833, "test_top2": 0.9182, "test_top3": 0.9634}}
[LightGBM] [Warning] Met negative value in categorical features, will convert it to NaN
[LightGBM] [Warning] Met negative value in categorical features, will convert it to NaN
[LightGBM] [Warning] Met negative value in categorical features, will convert it to NaN
[LightGBM] [Warning] Met negative value in categorical features, will convert it to NaN
[LightGBM] [Warning] Met negative value in categorical features, will convert it to NaN
[LightGBM] [Warning] Met negative value in categorical features, will convert it to NaN
[LightGBM] [Warning] Met negative value in categorical features, will convert it to NaN
[LightGBM] [Warning] Met negative value in categorical features, will convert it to NaN
[LightGBM] [Warning] Met negative value in categorical features, will convert it to NaN
[LightGBM] [Warning] Met negative value in categorical features, will convert it to NaN
[LightGBM] [Warning] Met categorical feature which contains sparse values. Consider renumbering to consecutive integers started from zero
[LightGBM] [Warning] Met negative value in categorical features, will convert it to NaN
[LightGBM] [Warning] Met negative value in categorical features, will convert it to NaN
[LightGBM] [Warning] Met negative value in categorical features, will convert it to NaN
[LightGBM] [Warning] Met negative value in categorical features, will convert it to NaN
[LightGBM] [Warning] Met negative value in categorical features, will convert it to NaN
[LightGBM] [Warning] Met negative value in categorical features, will convert it to NaN
[LightGBM] [Warning] Met negative value in categorical features, will convert it to NaN
[LightGBM] [Warning] Met negative value in categorical features, will convert it to NaN
[LightGBM] [Warning] Met negative value in categorical features, will convert it to NaN
[LightGBM] [Warning] Met negative value in categorical features, will convert it to NaN
C:\Users\shiba\ptcc_pokemon_ai_buttle\.venv\lib\site-packages\sklearn\utils\validation.py:2749: UserWarning: X does not have valid feature names, but LGBMRanker was fitted with feature names
  warnings.warn(
C:\Users\shiba\ptcc_pokemon_ai_buttle\.venv\lib\site-packages\sklearn\utils\validation.py:2749: UserWarning: X does not have valid feature names, but LGBMRanker was fitted with feature names
  warnings.warn(
C:\Users\shiba\ptcc_pokemon_ai_buttle\.venv\lib\site-packages\sklearn\utils\validation.py:2749: UserWarning: X does not have valid feature names, but LGBMRanker was fitted with feature names
  warnings.warn(
{"graded": {"best_iteration": 678, "train_top1": 0.971, "val_top1": 0.7787, "test_top1": 0.7832, "test_top2": 0.922, "test_top3": 0.967}}
[LightGBM] [Warning] Met negative value in categorical features, will convert it to NaN
[LightGBM] [Warning] Met negative value in categorical features, will convert it to NaN
[LightGBM] [Warning] Met negative value in categorical features, will convert it to NaN
[LightGBM] [Warning] Met negative value in categorical features, will convert it to NaN
[LightGBM] [Warning] Met negative value in categorical features, will convert it to NaN
[LightGBM] [Warning] Met negative value in categorical features, will convert it to NaN
[LightGBM] [Warning] Met negative value in categorical features, will convert it to NaN
[LightGBM] [Warning] Met categorical feature which contains sparse values. Consider renumbering to consecutive integers started from zero
[LightGBM] [Warning] Met negative value in categorical features, will convert it to NaN
[LightGBM] [Warning] Met negative value in categorical features, will convert it to NaN
[LightGBM] [Warning] Met negative value in categorical features, will convert it to NaN
[LightGBM] [Warning] Met negative value in categorical features, will convert it to NaN
[LightGBM] [Warning] Met negative value in categorical features, will convert it to NaN
[LightGBM] [Warning] Met negative value in categorical features, will convert it to NaN
[LightGBM] [Warning] Met negative value in categorical features, will convert it to NaN
[LightGBM] [Warning] Met negative value in categorical features, will convert it to NaN
[LightGBM] [Warning] Met negative value in categorical features, will convert it to NaN
[LightGBM] [Warning] Met negative value in categorical features, will convert it to NaN
[LightGBM] [Warning] Met negative value in categorical features, will convert it to NaN
[LightGBM] [Warning] Met negative value in categorical features, will convert it to NaN
[LightGBM] [Warning] Met negative value in categorical features, will convert it to NaN
[LightGBM] [Warning] Met negative value in categorical features, will convert it to NaN
[LightGBM] [Warning] Met negative value in categorical features, will convert it to NaN
[LightGBM] [Warning] Met negative value in categorical features, will convert it to NaN
C:\Users\shiba\ptcc_pokemon_ai_buttle\.venv\lib\site-packages\sklearn\utils\validation.py:2749: UserWarning: X does not have valid feature names, but LGBMRanker was fitted with feature names
  warnings.warn(
C:\Users\shiba\ptcc_pokemon_ai_buttle\.venv\lib\site-packages\sklearn\utils\validation.py:2749: UserWarning: X does not have valid feature names, but LGBMRanker was fitted with feature names
  warnings.warn(
C:\Users\shiba\ptcc_pokemon_ai_buttle\.venv\lib\site-packages\sklearn\utils\validation.py:2749: UserWarning: X does not have valid feature names, but LGBMRanker was fitted with feature names
  warnings.warn(
{"turnstate_graded": {"best_iteration": 559, "train_top1": 0.9592, "val_top1": 0.7751, "test_top1": 0.7836, "test_top2": 0.9174, "test_top3": 0.9624}}
