trajectories=3655 teams=21 validation_min=89413141 test_min=89423940
{
  "data_root": "C:\\Users\\shiba\\ptcc_pokemon_ai_buttle\\data\\kaggle_grimmsnarl_top50",
  "agent_dir": "C:\\Users\\shiba\\ptcc_pokemon_ai_buttle\\agents\\grimmsnarl\\grimmsnarl_ml_v1",
  "deck_hash": "9714ab5c3996f6cc",
  "excluded_teams": [],
  "cache": "C:\\Users\\shiba\\ptcc_pokemon_ai_buttle\\data\\ml\\grimmsnarl\\processed\\corpus_v1.npz",
  "trajectories": 3655,
  "teams": 21,
  "episodes": 3655,
  "win_rate": 0.5891,
  "decisions": 148028,
  "candidate_rows": 923787,
  "features": 622,
  "base_features": 614,
  "turn_features": [
    "turn_decision_index",
    "turn_candidate_offer_count",
    "turn_candidate_passed_over",
    "turn_candidate_offered_previous",
    "turn_candidate_first_offer_index",
    "turn_class_passed_over",
    "turn_class_offer_count",
    "turn_new_candidate"
  ],
  "validation_min_episode": 89413141,
  "test_min_episode": 89423940,
  "split_decisions": {
    "train": 112592,
    "validation": 17627,
    "test": 17809
  },
  "split_episodes": {
    "train": 2779,
    "validation": 438,
    "test": 438
  },
  "mean_candidates_per_decision": 6.241,
  "extraction_stats": {
    "episodes": 3655,
    "wins": 2153,
    "decisions": 148028,
    "duplicate_candidates_collapsed": 204548
  }
}
