decisions train=112175 validation=17970 test=17883 features=623
[LightGBM] [Warning] Met negative value in categorical features, will convert it to NaN
[LightGBM] [Warning] Met categorical feature which contains sparse values. Consider renumbering to consecutive integers started from zero
[LightGBM] [Warning] Met categorical feature which contains sparse values. Consider renumbering to consecutive integers started from zero
[LightGBM] [Warning] Met negative value in categorical features, will convert it to NaN
Training until validation scores don't improve for 200 rounds
[100]	validation's top1: 0.777629
[200]	validation's top1: 0.786867
[300]	validation's top1: 0.79143
[400]	validation's top1: 0.793934
[500]	validation's top1: 0.795103
[600]	validation's top1: 0.796605
[700]	validation's top1: 0.797718
[800]	validation's top1: 0.797663
[900]	validation's top1: 0.798331
[1000]	validation's top1: 0.800445
[1100]	validation's top1: 0.80089
[1200]	validation's top1: 0.801892
[1300]	validation's top1: 0.801614
[1400]	validation's top1: 0.800556
Early stopping, best iteration is:
[1273]	validation's top1: 0.802504
{
  "best_iteration": 1273,
  "validation_top1": 0.8025,
  "test_top1": 0.7968,
  "test_top1_wilson95": [
    0.7909,
    0.8027
  ],
  "test_top3": 0.9838,
  "test_order_insensitive_top1": 0.9442,
  "test_taxonomy": {
    "correct": 0.7968,
    "same_turn_ordering": 0.1473,
    "divergence": 0.0494,
    "same_action_type_divergence": 0.0064
  }
}
