decisions train=112592 validation=17627 test=17809 features=623
[LightGBM] [Warning] Met negative value in categorical features, will convert it to NaN
[LightGBM] [Warning] Met categorical feature which contains sparse values. Consider renumbering to consecutive integers started from zero
[LightGBM] [Warning] Met negative value in categorical features, will convert it to NaN
[LightGBM] [Warning] Met categorical feature which contains sparse values. Consider renumbering to consecutive integers started from zero
Training until validation scores don't improve for 200 rounds
[100]	validation's top1: 0.77421
[200]	validation's top1: 0.783174
[300]	validation's top1: 0.785953
[400]	validation's top1: 0.787031
[500]	validation's top1: 0.790492
[600]	validation's top1: 0.790776
[700]	validation's top1: 0.790435
[800]	validation's top1: 0.789471
Early stopping, best iteration is:
[687]	validation's top1: 0.79208
{
  "best_iteration": 687,
  "validation_top1": 0.7921,
  "test_top1": 0.7731,
  "test_top1_wilson95": [
    0.7669,
    0.7792
  ],
  "test_top3": 0.9802,
  "test_order_insensitive_top1": 0.941,
  "test_taxonomy": {
    "correct": 0.7731,
    "divergence": 0.052,
    "same_turn_ordering": 0.1678,
    "same_action_type_divergence": 0.007
  }
}
