[LightGBM] [Warning] Met negative value in categorical features, will convert it to NaN
[LightGBM] [Warning] Met negative value in categorical features, will convert it to NaN
[LightGBM] [Warning] Met negative value in categorical features, will convert it to NaN
[LightGBM] [Warning] Met negative value in categorical features, will convert it to NaN
[LightGBM] [Warning] Met negative value in categorical features, will convert it to NaN
[LightGBM] [Warning] Met negative value in categorical features, will convert it to NaN
[LightGBM] [Warning] Met negative value in categorical features, will convert it to NaN
[LightGBM] [Warning] Met negative value in categorical features, will convert it to NaN
[LightGBM] [Warning] Met negative value in categorical features, will convert it to NaN
[LightGBM] [Warning] Met negative value in categorical features, will convert it to NaN
[LightGBM] [Warning] Met negative value in categorical features, will convert it to NaN
[LightGBM] [Warning] Met negative value in categorical features, will convert it to NaN
[LightGBM] [Warning] Met negative value in categorical features, will convert it to NaN
[LightGBM] [Warning] Met negative value in categorical features, will convert it to NaN
[LightGBM] [Warning] Met negative value in categorical features, will convert it to NaN
[LightGBM] [Warning] Met negative value in categorical features, will convert it to NaN
[LightGBM] [Warning] Met negative value in categorical features, will convert it to NaN
[LightGBM] [Warning] Met negative value in categorical features, will convert it to NaN
[LightGBM] [Warning] Met categorical feature which contains sparse values. Consider renumbering to consecutive integers started from zero
[LightGBM] [Warning] Met negative value in categorical features, will convert it to NaN
[LightGBM] [Warning] Met negative value in categorical features, will convert it to NaN
[LightGBM] [Warning] Met negative value in categorical features, will convert it to NaN
[LightGBM] [Warning] Met negative value in categorical features, will convert it to NaN
[LightGBM] [Warning] Met negative value in categorical features, will convert it to NaN
C:\Users\shiba\ptcc_pokemon_ai_buttle\.venv\lib\site-packages\sklearn\utils\validation.py:2749: UserWarning: X does not have valid feature names, but LGBMRanker was fitted with feature names
  warnings.warn(
C:\Users\shiba\ptcc_pokemon_ai_buttle\.venv\lib\site-packages\sklearn\utils\validation.py:2749: UserWarning: X does not have valid feature names, but LGBMRanker was fitted with feature names
  warnings.warn(
C:\Users\shiba\ptcc_pokemon_ai_buttle\.venv\lib\site-packages\sklearn\utils\validation.py:2749: UserWarning: X does not have valid feature names, but LGBMRanker was fitted with feature names
  warnings.warn(
C:\Users\shiba\ptcc_pokemon_ai_buttle\.venv\lib\site-packages\sklearn\utils\validation.py:2749: UserWarning: X does not have valid feature names, but LGBMRanker was fitted with feature names
  warnings.warn(
C:\Users\shiba\ptcc_pokemon_ai_buttle\.venv\lib\site-packages\sklearn\utils\validation.py:2749: UserWarning: X does not have valid feature names, but LGBMRanker was fitted with feature names
  warnings.warn(
C:\Users\shiba\ptcc_pokemon_ai_buttle\.venv\lib\site-packages\sklearn\utils\validation.py:2749: UserWarning: X does not have valid feature names, but LGBMRanker was fitted with feature names
  warnings.warn(
C:\Users\shiba\ptcc_pokemon_ai_buttle\.venv\lib\site-packages\sklearn\utils\validation.py:2749: UserWarning: X does not have valid feature names, but LGBMRanker was fitted with feature names
  warnings.warn(
C:\Users\shiba\ptcc_pokemon_ai_buttle\.venv\lib\site-packages\sklearn\utils\validation.py:2749: UserWarning: X does not have valid feature names, but LGBMRanker was fitted with feature names
  warnings.warn(
C:\Users\shiba\ptcc_pokemon_ai_buttle\.venv\lib\site-packages\sklearn\utils\validation.py:2749: UserWarning: X does not have valid feature names, but LGBMRanker was fitted with feature names
  warnings.warn(
C:\Users\shiba\ptcc_pokemon_ai_buttle\.venv\lib\site-packages\sklearn\utils\validation.py:2749: UserWarning: X does not have valid feature names, but LGBMRanker was fitted with feature names
  warnings.warn(
C:\Users\shiba\ptcc_pokemon_ai_buttle\.venv\lib\site-packages\sklearn\utils\validation.py:2749: UserWarning: X does not have valid feature names, but LGBMRanker was fitted with feature names
  warnings.warn(
C:\Users\shiba\ptcc_pokemon_ai_buttle\.venv\lib\site-packages\sklearn\utils\validation.py:2749: UserWarning: X does not have valid feature names, but LGBMRanker was fitted with feature names
  warnings.warn(
C:\Users\shiba\ptcc_pokemon_ai_buttle\.venv\lib\site-packages\sklearn\utils\validation.py:2749: UserWarning: X does not have valid feature names, but LGBMRanker was fitted with feature names
  warnings.warn(
C:\Users\shiba\ptcc_pokemon_ai_buttle\.venv\lib\site-packages\sklearn\utils\validation.py:2749: UserWarning: X does not have valid feature names, but LGBMRanker was fitted with feature names
  warnings.warn(
C:\Users\shiba\ptcc_pokemon_ai_buttle\.venv\lib\site-packages\sklearn\utils\validation.py:2749: UserWarning: X does not have valid feature names, but LGBMRanker was fitted with feature names
  warnings.warn(
C:\Users\shiba\ptcc_pokemon_ai_buttle\.venv\lib\site-packages\sklearn\utils\validation.py:2749: UserWarning: X does not have valid feature names, but LGBMRanker was fitted with feature names
  warnings.warn(
C:\Users\shiba\ptcc_pokemon_ai_buttle\.venv\lib\site-packages\sklearn\utils\validation.py:2749: UserWarning: X does not have valid feature names, but LGBMRanker was fitted with feature names
  warnings.warn(
C:\Users\shiba\ptcc_pokemon_ai_buttle\.venv\lib\site-packages\sklearn\utils\validation.py:2749: UserWarning: X does not have valid feature names, but LGBMRanker was fitted with feature names
  warnings.warn(
C:\Users\shiba\ptcc_pokemon_ai_buttle\.venv\lib\site-packages\sklearn\utils\validation.py:2749: UserWarning: X does not have valid feature names, but LGBMRanker was fitted with feature names
  warnings.warn(
C:\Users\shiba\ptcc_pokemon_ai_buttle\.venv\lib\site-packages\sklearn\utils\validation.py:2749: UserWarning: X does not have valid feature names, but LGBMRanker was fitted with feature names
  warnings.warn(
C:\Users\shiba\ptcc_pokemon_ai_buttle\.venv\lib\site-packages\sklearn\utils\validation.py:2749: UserWarning: X does not have valid feature names, but LGBMRanker was fitted with feature names
  warnings.warn(
C:\Users\shiba\ptcc_pokemon_ai_buttle\.venv\lib\site-packages\sklearn\utils\validation.py:2749: UserWarning: X does not have valid feature names, but LGBMRanker was fitted with feature names
  warnings.warn(
{"0.875_s1091": {"episodes": 1718, "best_trees": 2200, "val_top1": 0.8284, "test_top1": 0.831, "val_at_2200": 0.8284, "test_at_2200": 0.831}}
wrote experiments\alakazam_ml_v34\design_binary.json
[LightGBM] [Warning] Met negative value in categorical features, will convert it to NaN
[LightGBM] [Warning] Met negative value in categorical features, will convert it to NaN
[LightGBM] [Warning] Met negative value in categorical features, will convert it to NaN
[LightGBM] [Warning] Met negative value in categorical features, will convert it to NaN
[LightGBM] [Warning] Met negative value in categorical features, will convert it to NaN
[LightGBM] [Warning] Met negative value in categorical features, will convert it to NaN
[LightGBM] [Warning] Met negative value in categorical features, will convert it to NaN
[LightGBM] [Warning] Met negative value in categorical features, will convert it to NaN
[LightGBM] [Warning] Met negative value in categorical features, will convert it to NaN
[LightGBM] [Warning] Met negative value in categorical features, will convert it to NaN
[LightGBM] [Warning] Met negative value in categorical features, will convert it to NaN
[LightGBM] [Warning] Met negative value in categorical features, will convert it to NaN
[LightGBM] [Warning] Met negative value in categorical features, will convert it to NaN
[LightGBM] [Warning] Met categorical feature which contains sparse values. Consider renumbering to consecutive integers started from zero
[LightGBM] [Warning] Met negative value in categorical features, will convert it to NaN
[LightGBM] [Warning] Met negative value in categorical features, will convert it to NaN
[LightGBM] [Warning] Met negative value in categorical features, will convert it to NaN
[LightGBM] [Warning] Met negative value in categorical features, will convert it to NaN
[LightGBM] [Warning] Met negative value in categorical features, will convert it to NaN
[LightGBM] [Warning] Met negative value in categorical features, will convert it to NaN
[LightGBM] [Warning] Met negative value in categorical features, will convert it to NaN
[LightGBM] [Warning] Met negative value in categorical features, will convert it to NaN
[LightGBM] [Warning] Met negative value in categorical features, will convert it to NaN
[LightGBM] [Warning] Met negative value in categorical features, will convert it to NaN
C:\Users\shiba\ptcc_pokemon_ai_buttle\.venv\lib\site-packages\sklearn\utils\validation.py:2749: UserWarning: X does not have valid feature names, but LGBMRanker was fitted with feature names
  warnings.warn(
C:\Users\shiba\ptcc_pokemon_ai_buttle\.venv\lib\site-packages\sklearn\utils\validation.py:2749: UserWarning: X does not have valid feature names, but LGBMRanker was fitted with feature names
  warnings.warn(
C:\Users\shiba\ptcc_pokemon_ai_buttle\.venv\lib\site-packages\sklearn\utils\validation.py:2749: UserWarning: X does not have valid feature names, but LGBMRanker was fitted with feature names
  warnings.warn(
C:\Users\shiba\ptcc_pokemon_ai_buttle\.venv\lib\site-packages\sklearn\utils\validation.py:2749: UserWarning: X does not have valid feature names, but LGBMRanker was fitted with feature names
  warnings.warn(
C:\Users\shiba\ptcc_pokemon_ai_buttle\.venv\lib\site-packages\sklearn\utils\validation.py:2749: UserWarning: X does not have valid feature names, but LGBMRanker was fitted with feature names
  warnings.warn(
C:\Users\shiba\ptcc_pokemon_ai_buttle\.venv\lib\site-packages\sklearn\utils\validation.py:2749: UserWarning: X does not have valid feature names, but LGBMRanker was fitted with feature names
  warnings.warn(
C:\Users\shiba\ptcc_pokemon_ai_buttle\.venv\lib\site-packages\sklearn\utils\validation.py:2749: UserWarning: X does not have valid feature names, but LGBMRanker was fitted with feature names
  warnings.warn(
C:\Users\shiba\ptcc_pokemon_ai_buttle\.venv\lib\site-packages\sklearn\utils\validation.py:2749: UserWarning: X does not have valid feature names, but LGBMRanker was fitted with feature names
  warnings.warn(
C:\Users\shiba\ptcc_pokemon_ai_buttle\.venv\lib\site-packages\sklearn\utils\validation.py:2749: UserWarning: X does not have valid feature names, but LGBMRanker was fitted with feature names
  warnings.warn(
C:\Users\shiba\ptcc_pokemon_ai_buttle\.venv\lib\site-packages\sklearn\utils\validation.py:2749: UserWarning: X does not have valid feature names, but LGBMRanker was fitted with feature names
  warnings.warn(
C:\Users\shiba\ptcc_pokemon_ai_buttle\.venv\lib\site-packages\sklearn\utils\validation.py:2749: UserWarning: X does not have valid feature names, but LGBMRanker was fitted with feature names
  warnings.warn(
C:\Users\shiba\ptcc_pokemon_ai_buttle\.venv\lib\site-packages\sklearn\utils\validation.py:2749: UserWarning: X does not have valid feature names, but LGBMRanker was fitted with feature names
  warnings.warn(
C:\Users\shiba\ptcc_pokemon_ai_buttle\.venv\lib\site-packages\sklearn\utils\validation.py:2749: UserWarning: X does not have valid feature names, but LGBMRanker was fitted with feature names
  warnings.warn(
C:\Users\shiba\ptcc_pokemon_ai_buttle\.venv\lib\site-packages\sklearn\utils\validation.py:2749: UserWarning: X does not have valid feature names, but LGBMRanker was fitted with feature names
  warnings.warn(
C:\Users\shiba\ptcc_pokemon_ai_buttle\.venv\lib\site-packages\sklearn\utils\validation.py:2749: UserWarning: X does not have valid feature names, but LGBMRanker was fitted with feature names
  warnings.warn(
C:\Users\shiba\ptcc_pokemon_ai_buttle\.venv\lib\site-packages\sklearn\utils\validation.py:2749: UserWarning: X does not have valid feature names, but LGBMRanker was fitted with feature names
  warnings.warn(
C:\Users\shiba\ptcc_pokemon_ai_buttle\.venv\lib\site-packages\sklearn\utils\validation.py:2749: UserWarning: X does not have valid feature names, but LGBMRanker was fitted with feature names
  warnings.warn(
C:\Users\shiba\ptcc_pokemon_ai_buttle\.venv\lib\site-packages\sklearn\utils\validation.py:2749: UserWarning: X does not have valid feature names, but LGBMRanker was fitted with feature names
  warnings.warn(
C:\Users\shiba\ptcc_pokemon_ai_buttle\.venv\lib\site-packages\sklearn\utils\validation.py:2749: UserWarning: X does not have valid feature names, but LGBMRanker was fitted with feature names
  warnings.warn(
C:\Users\shiba\ptcc_pokemon_ai_buttle\.venv\lib\site-packages\sklearn\utils\validation.py:2749: UserWarning: X does not have valid feature names, but LGBMRanker was fitted with feature names
  warnings.warn(
C:\Users\shiba\ptcc_pokemon_ai_buttle\.venv\lib\site-packages\sklearn\utils\validation.py:2749: UserWarning: X does not have valid feature names, but LGBMRanker was fitted with feature names
  warnings.warn(
C:\Users\shiba\ptcc_pokemon_ai_buttle\.venv\lib\site-packages\sklearn\utils\validation.py:2749: UserWarning: X does not have valid feature names, but LGBMRanker was fitted with feature names
  warnings.warn(
{"0.875_s1091": {"episodes": 1718, "best_trees": 2200, "val_top1": 0.8261, "test_top1": 0.8283, "val_at_2200": 0.8261, "test_at_2200": 0.8283}}
wrote experiments\alakazam_ml_v34\design_uniform.json
