teachers_all                   n= 3655 win=0.589 turns= 6.27 | worthless  666@0.8859 dead 1260@0.9143 | nrg 3.70@0.8192 (G0.24/M2.84) | munk fuel=0.646 use=6.07@0.9711 | boss 0.62@0.3796 | Gready=0.49
teachers_elite                 n=  403 win=0.598 turns= 6.31 | worthless   45@0.9111 dead   95@0.9474 | nrg 3.77@0.863 (G0.33/M2.74) | munk fuel=0.657 use=5.83@0.9576 | boss 0.66@0.3321 | Gready=0.48
teachers_all|mirror            n= 1493 win=0.599 turns= 6.47 | worthless    0@None dead    0@None | nrg 3.83@0.8395 (G0.31/M3.23) | munk fuel=0.660 use=6.88@0.9744 | boss 0.71@0.4263 | Gready=0.63
teachers_all|second            n= 1762 win=0.555 turns= 6.00 | worthless  285@0.8632 dead  616@0.9042 | nrg 3.67@0.8297 (G0.25/M2.82) | munk fuel=0.644 use=6.04@0.9719 | boss 0.64@0.3816 | Gready=0.48
teachers_all|mirror|second     n=  741 win=0.563 turns= 6.14 | worthless    0@None dead    0@None | nrg 3.77@0.8469 (G0.31/M3.19) | munk fuel=0.661 use=6.91@0.9771 | boss 0.69@0.4047 | Gready=0.61
v2                             n=   59 win=0.610 turns= 6.32 | worthless   12@1.0 dead   34@0.9706 | nrg 3.12@0.7667 (G0.12/M2.51) | munk fuel=0.595 use=5.47@0.9896 | boss 0.41@0.2697 | Gready=0.48
v2|first                       n=   35 win=0.657 turns= 6.54 | worthless    9@1.0 dead   25@0.96 | nrg 2.83@0.7333 (G0.06/M2.17) | munk fuel=0.568 use=5.00@0.991 | boss 0.40@0.2857 | Gready=0.51
v2|mirror                      n=   18 win=0.500 turns= 6.11 | worthless    0@None dead    0@None | nrg 3.28@0.8939 (G0.17/M2.89) | munk fuel=0.527 use=6.17@1.0 | boss 0.33@0.2069 | Gready=0.75
v2|mirror|first                n=    9 win=0.444 turns= 6.33 | worthless    0@None dead    0@None | nrg 2.56@0.8519 (G0.00/M2.11) | munk fuel=0.404 use=4.67@1.0 | boss 0.22@0.1429 | Gready=0.86
v2|mirror|second               n=    9 win=0.556 turns= 5.89 | worthless    0@None dead    0@None | nrg 4.00@0.9231 (G0.33/M3.67) | munk fuel=0.660 use=7.67@1.0 | boss 0.44@0.2667 | Gready=0.64
v2|second                      n=   24 win=0.542 turns= 6.00 | worthless    3@1.0 dead    9@1.0 | nrg 3.54@0.8095 (G0.21/M3.00) | munk fuel=0.639 use=6.17@0.9877 | boss 0.42@0.25 | Gready=0.44
v3_a                           n=   96 win=0.635 turns= 6.12 | worthless   16@1.0 dead   32@0.9375 | nrg 3.31@0.7571 (G0.17/M2.62) | munk fuel=0.589 use=4.80@0.9754 | boss 0.62@0.3974 | Gready=0.49
v3_a|first                     n=   53 win=0.717 turns= 6.04 | worthless    0@None dead    4@0.75 | nrg 3.17@0.7778 (G0.09/M2.62) | munk fuel=0.556 use=4.47@0.9671 | boss 0.51@0.3293 | Gready=0.51
v3_a|mirror                    n=   29 win=0.448 turns= 6.03 | worthless    0@None dead    0@None | nrg 3.41@0.7795 (G0.24/M2.93) | munk fuel=0.611 use=5.34@0.9901 | boss 0.69@0.4878 | Gready=0.61
v3_a|mirror|first              n=   13 win=0.538 turns= 6.54 | worthless    0@None dead    0@None | nrg 3.69@0.8 (G0.23/M3.31) | munk fuel=0.553 use=5.85@1.0 | boss 0.85@0.5 | Gready=0.61
v3_a|mirror|second             n=   16 win=0.375 turns= 5.62 | worthless    0@None dead    0@None | nrg 3.19@0.7612 (G0.25/M2.62) | munk fuel=0.667 use=4.94@0.98 | boss 0.56@0.4737 | Gready=0.60
v3_a|opp0                      n=   16 win=1.000 turns= 5.56 | worthless    0@None dead    0@None | nrg 2.62@0.6885 (G0.00/M2.38) | munk fuel=0.629 use=3.94@0.907 | boss 0.31@0.2273 | Gready=0.69
v3_a|opp0|first                n=   13 win=1.000 turns= 5.46 | worthless    0@None dead    0@None | nrg 2.69@0.7 (G0.00/M2.38) | munk fuel=0.648 use=3.62@0.875 | boss 0.15@0.125 | Gready=0.72
v3_a|opp0|mirror               n=    1 win=1.000 turns= 6.00 | worthless    0@None dead    0@None | nrg 3.00@0.6 (G0.00/M3.00) | munk fuel=0.833 use=8.00@1.0 | boss 1.00@0.5 | Gready=0.50
v3_a|opp0|second               n=    3 win=1.000 turns= 6.00 | worthless    0@None dead    0@None | nrg 2.33@0.6364 (G0.00/M2.33) | munk fuel=0.556 use=5.33@1.0 | boss 1.00@0.5 | Gready=0.56
v3_a|opp1000up                 n=   12 win=0.667 turns= 5.92 | worthless    0@None dead    0@None | nrg 3.58@0.7544 (G0.25/M2.67) | munk fuel=0.634 use=5.33@1.0 | boss 0.58@0.5385 | Gready=0.45
v3_a|opp1000up|first           n=    8 win=0.625 turns= 6.00 | worthless    0@None dead    0@None | nrg 3.62@0.7838 (G0.25/M2.50) | munk fuel=0.604 use=4.38@1.0 | boss 0.62@0.5 | Gready=0.33
v3_a|opp1000up|mirror          n=    5 win=0.800 turns= 6.00 | worthless    0@None dead    0@None | nrg 3.60@0.72 (G0.20/M3.20) | munk fuel=0.600 use=5.60@1.0 | boss 0.80@0.8 | Gready=0.70
v3_a|opp1000up|second          n=    4 win=0.750 turns= 5.75 | worthless    0@None dead    0@None | nrg 3.50@0.7 (G0.25/M3.00) | munk fuel=0.696 use=7.25@1.0 | boss 0.50@0.6667 | Gready=0.70
v3_a|opp800                    n=   16 win=0.562 turns= 6.81 | worthless    5@1.0 dead   19@0.8947 | nrg 2.69@0.6935 (G0.06/M1.88) | munk fuel=0.486 use=3.69@1.0 | boss 0.75@0.4444 | Gready=0.49
v3_a|opp800|first              n=    8 win=0.375 turns= 6.62 | worthless    0@None dead    4@0.75 | nrg 2.25@0.8571 (G0.00/M1.75) | munk fuel=0.358 use=3.38@1.0 | boss 0.62@0.3846 | Gready=0.51
v3_a|opp800|mirror             n=    1 win=0.000 turns= 7.00 | worthless    0@None dead    0@None | nrg 2.00@1.0 (G0.00/M2.00) | munk fuel=0.429 use=3.00@1.0 | boss 0.00@0.0 | Gready=0.57
v3_a|opp800|second             n=    8 win=0.750 turns= 7.00 | worthless    5@1.0 dead   15@0.9333 | nrg 3.12@0.6098 (G0.12/M2.00) | munk fuel=0.607 use=4.00@1.0 | boss 0.88@0.5 | Gready=0.46
v3_a|opp900                    n=   51 win=0.549 turns= 6.08 | worthless   11@1.0 dead   13@1.0 | nrg 3.63@0.7872 (G0.23/M2.86) | munk fuel=0.613 use=5.29@0.9809 | boss 0.69@0.4023 | Gready=0.45
v3_a|opp900|first              n=   23 win=0.739 turns= 6.09 | worthless    0@None dead    0@None | nrg 3.52@0.7864 (G0.13/M3.00) | munk fuel=0.586 use=5.35@0.9861 | boss 0.61@0.3415 | Gready=0.46
v3_a|opp900|mirror             n=   21 win=0.381 turns= 5.91 | worthless    0@None dead    0@None | nrg 3.38@0.7889 (G0.29/M2.81) | munk fuel=0.637 use=5.29@0.9865 | boss 0.67@0.4516 | Gready=0.58
v3_a|opp900|second             n=   28 win=0.393 turns= 6.07 | worthless   11@1.0 dead   13@1.0 | nrg 3.71@0.7879 (G0.32/M2.75) | munk fuel=0.635 use=5.25@0.9765 | boss 0.75@0.4565 | Gready=0.44
v3_a|second                    n=   43 win=0.535 turns= 6.21 | worthless   16@1.0 dead   28@0.9643 | nrg 3.49@0.7353 (G0.26/M2.60) | munk fuel=0.629 use=5.21@0.985 | boss 0.77@0.4783 | Gready=0.47
v3_b                           n=   94 win=0.596 turns= 6.02 | worthless   11@0.9091 dead   25@0.96 | nrg 3.30@0.7506 (G0.13/M2.61) | munk fuel=0.606 use=5.29@0.9931 | boss 0.39@0.2824 | Gready=0.51
v3_b|first                     n=   56 win=0.679 turns= 6.25 | worthless    2@1.0 dead    6@1.0 | nrg 3.45@0.7481 (G0.12/M2.66) | munk fuel=0.631 use=5.62@0.9944 | boss 0.38@0.2414 | Gready=0.49
v3_b|mirror                    n=   39 win=0.590 turns= 6.05 | worthless    0@None dead    0@None | nrg 3.38@0.7811 (G0.13/M2.87) | munk fuel=0.606 use=5.51@1.0 | boss 0.49@0.3654 | Gready=0.69
v3_b|mirror|first              n=   22 win=0.636 turns= 6.32 | worthless    0@None dead    0@None | nrg 3.64@0.7921 (G0.09/M3.04) | munk fuel=0.640 use=5.82@1.0 | boss 0.46@0.3333 | Gready=0.66
v3_b|mirror|second             n=   17 win=0.529 turns= 5.71 | worthless    0@None dead    0@None | nrg 3.06@0.7647 (G0.18/M2.65) | munk fuel=0.557 use=5.12@1.0 | boss 0.53@0.4091 | Gready=0.73
v3_b|opp0                      n=   17 win=0.882 turns= 6.00 | worthless    0@None dead    0@None | nrg 3.12@0.726 (G0.00/M2.59) | munk fuel=0.608 use=5.18@0.963 | boss 0.18@0.1154 | Gready=0.64
v3_b|opp0|first                n=   12 win=0.917 turns= 6.08 | worthless    0@None dead    0@None | nrg 3.08@0.6607 (G0.00/M2.50) | munk fuel=0.575 use=4.92@0.9737 | boss 0.17@0.0952 | Gready=0.60
v3_b|opp0|mirror               n=    4 win=1.000 turns= 5.75 | worthless    0@None dead    0@None | nrg 4.00@0.8421 (G0.00/M3.75) | munk fuel=0.783 use=4.50@1.0 | boss 0.25@0.25 | Gready=0.74
v3_b|opp0|second               n=    5 win=0.800 turns= 5.80 | worthless    0@None dead    0@None | nrg 3.20@0.9412 (G0.00/M2.80) | munk fuel=0.690 use=5.80@0.9375 | boss 0.20@0.2 | Gready=0.72
v3_b|opp800                    n=   35 win=0.600 turns= 5.77 | worthless    2@1.0 dead    6@1.0 | nrg 3.11@0.7078 (G0.17/M2.46) | munk fuel=0.648 use=5.20@1.0 | boss 0.43@0.3191 | Gready=0.47
v3_b|opp800|first              n=   19 win=0.684 turns= 6.16 | worthless    2@1.0 dead    6@1.0 | nrg 3.26@0.7209 (G0.21/M2.42) | munk fuel=0.667 use=5.32@1.0 | boss 0.37@0.2258 | Gready=0.42
v3_b|opp800|mirror             n=   12 win=0.667 turns= 6.00 | worthless    0@None dead    0@None | nrg 3.42@0.7321 (G0.25/M2.67) | munk fuel=0.625 use=5.33@1.0 | boss 0.50@0.375 | Gready=0.79
v3_b|opp800|second             n=   16 win=0.500 turns= 5.31 | worthless    0@None dead    0@None | nrg 2.94@0.6912 (G0.12/M2.50) | munk fuel=0.624 use=5.06@1.0 | boss 0.50@0.5 | Gready=0.54
v3_b|opp900                    n=   41 win=0.463 turns= 6.24 | worthless    9@0.8889 dead   19@0.9474 | nrg 3.51@0.7912 (G0.15/M2.71) | munk fuel=0.566 use=5.32@1.0 | boss 0.46@0.3519 | Gready=0.47
v3_b|opp900|first              n=   24 win=0.542 turns= 6.42 | worthless    0@None dead    0@None | nrg 3.75@0.8036 (G0.12/M2.88) | munk fuel=0.623 use=6.08@1.0 | boss 0.50@0.3871 | Gready=0.47
v3_b|opp900|mirror             n=   22 win=0.455 turns= 6.14 | worthless    0@None dead    0@None | nrg 3.23@0.7889 (G0.09/M2.77) | munk fuel=0.556 use=5.64@1.0 | boss 0.55@0.4286 | Gready=0.62
v3_b|opp900|second             n=   17 win=0.353 turns= 6.00 | worthless    9@0.8889 dead   19@0.9474 | nrg 3.18@0.7714 (G0.18/M2.47) | munk fuel=0.480 use=4.24@1.0 | boss 0.41@0.3043 | Gready=0.47
v3_b|second                    n=   38 win=0.474 turns= 5.68 | worthless    9@0.8889 dead   19@0.9474 | nrg 3.08@0.7548 (G0.13/M2.53) | munk fuel=0.565 use=4.79@0.9909 | boss 0.42@0.3636 | Gready=0.53
wrote C:\Users\shiba\ptcc_pokemon_ai_buttle\experiments\grimmsnarl_ml_v4\gaps_ladder_20260805.json
